Aug 06, 2025 12:22:59 P.M. com.google.cloud.datastore.emulator.firestore.websocket.WebSocketServer start
INFO: Started WebSocket server on ws://127.0.0.1:9150
API endpoint: http://127.0.0.1:8080
If you are using a library that supports the FIRESTORE_EMULATOR_HOST environment variable, run:

   export FIRESTORE_EMULATOR_HOST=127.0.0.1:8080

Dev App Server is now running.

Aug 06, 2025 12:23:07 P.M. com.google.cloud.datastore.emulator.firestore.websocket.WebSocketChannelHandler initChannel
INFO: Connected to new websocket client
Aug 06, 2025 12:23:10 P.M. io.gapi.emulators.netty.HttpVersionRoutingHandler channelRead
INFO: Detected non-HTTP/2 connection.
Aug 06, 2025 12:23:10 P.M. io.gapi.emulators.netty.HttpVersionRoutingHandler channelRead
INFO: Detected HTTP/2 connection.
Aug 06, 2025 12:23:20 P.M. io.gapi.emulators.netty.HttpVersionRoutingHandler channelRead
INFO: Detected non-HTTP/2 connection.
Aug 06, 2025 12:23:27 P.M. com.google.cloud.datastore.emulator.firestore.websocket.WebSocketChannelHandler initChannel
INFO: Connected to new websocket client
Aug 06, 2025 12:23:29 P.M. io.gapi.emulators.netty.HttpVersionRoutingHandler channelRead
INFO: Detected non-HTTP/2 connection.
Aug 06, 2025 12:23:40 P.M. io.gapi.emulators.netty.HttpVersionRoutingHandler channelRead
INFO: Detected non-HTTP/2 connection.
Aug 06, 2025 12:23:49 P.M. io.gapi.emulators.netty.HttpVersionRoutingHandler channelRead
INFO: Detected non-HTTP/2 connection.
Multiple projectIds are not recommended in single project mode. Requested project ID mobihunter-44db1, but the emulator is configured for reservas-7c286. This warning will become an error in the future. To opt-out of single project mode add/set the '"single_project_mode": false' property in the firebase.json emulators config.
Aug 06, 2025 12:23:49 P.M. io.gapi.emulators.netty.HttpVersionRoutingHandler channelRead
INFO: Detected non-HTTP/2 connection.
Aug 06, 2025 12:23:50 P.M. io.gapi.emulators.netty.HttpVersionRoutingHandler channelRead
INFO: Detected non-HTTP/2 connection.
Aug 06, 2025 12:24:00 P.M. io.gapi.emulators.netty.HttpVersionRoutingHandler channelRead
INFO: Detected non-HTTP/2 connection.
Aug 06, 2025 12:24:10 P.M. io.gapi.emulators.netty.HttpVersionRoutingHandler channelRead
INFO: Detected non-HTTP/2 connection.
Aug 06, 2025 12:24:20 P.M. io.gapi.emulators.netty.HttpVersionRoutingHandler channelRead
INFO: Detected non-HTTP/2 connection.
Aug 06, 2025 12:24:24 P.M. io.gapi.emulators.netty.HttpVersionRoutingHandler channelRead
INFO: Detected non-HTTP/2 connection.
Aug 06, 2025 12:24:24 P.M. io.gapi.emulators.netty.HttpVersionRoutingHandler channelRead
INFO: Detected non-HTTP/2 connection.
Aug 06, 2025 12:24:24 P.M. io.gapi.emulators.netty.HttpVersionRoutingHandler channelRead
INFO: Detected non-HTTP/2 connection.
Aug 06, 2025 12:24:24 P.M. io.gapi.emulators.netty.HttpVersionRoutingHandler channelRead
INFO: Detected non-HTTP/2 connection.
Aug 06, 2025 12:24:30 P.M. io.gapi.emulators.netty.HttpVersionRoutingHandler channelRead
INFO: Detected non-HTTP/2 connection.
Aug 06, 2025 12:24:35 P.M. io.gapi.emulators.netty.HttpVersionRoutingHandler channelRead
INFO: Detected non-HTTP/2 connection.
Aug 06, 2025 12:24:40 P.M. io.gapi.emulators.netty.HttpVersionRoutingHandler channelRead
INFO: Detected non-HTTP/2 connection.
Aug 06, 2025 12:24:50 P.M. io.gapi.emulators.netty.HttpVersionRoutingHandler channelRead
INFO: Detected non-HTTP/2 connection.
Aug 06, 2025 12:24:57 P.M. io.gapi.emulators.netty.HttpVersionRoutingHandler channelRead
INFO: Detected non-HTTP/2 connection.
Aug 06, 2025 12:25:14 P.M. io.gapi.emulators.netty.HttpVersionRoutingHandler channelRead
INFO: Detected non-HTTP/2 connection.
Aug 06, 2025 12:25:14 P.M. io.gapi.emulators.netty.HttpVersionRoutingHandler channelRead
INFO: Detected non-HTTP/2 connection.
Aug 06, 2025 12:25:14 P.M. io.gapi.emulators.netty.HttpVersionRoutingHandler channelRead
INFO: Detected non-HTTP/2 connection.
Aug 06, 2025 12:25:14 P.M. io.gapi.emulators.netty.HttpVersionRoutingHandler channelRead
INFO: Detected non-HTTP/2 connection.
Aug 06, 2025 12:25:24 P.M. io.gapi.emulators.netty.HttpVersionRoutingHandler channelRead
INFO: Detected non-HTTP/2 connection.
Aug 06, 2025 12:25:25 P.M. io.gapi.emulators.netty.HttpVersionRoutingHandler channelRead
INFO: Detected non-HTTP/2 connection.
Aug 06, 2025 12:25:25 P.M. com.google.cloud.datastore.emulator.firestore.webchannel.FirestoreV1WebChannelAdapter$FirestoreListenHandler onClose
INFO: channel closed
Aug 06, 2025 12:25:35 P.M. io.gapi.emulators.netty.HttpVersionRoutingHandler channelRead
INFO: Detected non-HTTP/2 connection.
Aug 06, 2025 12:25:44 P.M. io.gapi.emulators.netty.HttpVersionRoutingHandler channelRead
INFO: Detected non-HTTP/2 connection.
Aug 06, 2025 12:25:44 P.M. io.gapi.emulators.netty.HttpVersionRoutingHandler channelRead
INFO: Detected non-HTTP/2 connection.
Aug 06, 2025 12:25:44 P.M. io.gapi.emulators.netty.HttpVersionRoutingHandler channelRead
INFO: Detected non-HTTP/2 connection.
Aug 06, 2025 12:25:44 P.M. io.gapi.emulators.netty.HttpVersionRoutingHandler channelRead
INFO: Detected non-HTTP/2 connection.
Aug 06, 2025 12:26:12 P.M. io.gapi.emulators.netty.HttpVersionRoutingHandler channelRead
INFO: Detected non-HTTP/2 connection.
Aug 06, 2025 12:26:12 P.M. io.gapi.emulators.netty.HttpVersionRoutingHandler channelRead
INFO: Detected non-HTTP/2 connection.
Aug 06, 2025 12:26:12 P.M. io.gapi.emulators.netty.HttpVersionRoutingHandler channelRead
INFO: Detected non-HTTP/2 connection.
Aug 06, 2025 12:26:16 P.M. io.gapi.emulators.netty.HttpVersionRoutingHandler channelRead
INFO: Detected non-HTTP/2 connection.
Aug 06, 2025 12:26:16 P.M. io.gapi.emulators.netty.HttpVersionRoutingHandler channelRead
INFO: Detected non-HTTP/2 connection.
Aug 06, 2025 12:26:17 P.M. io.gapi.emulators.netty.HttpVersionRoutingHandler channelRead
INFO: Detected non-HTTP/2 connection.
Aug 06, 2025 12:26:17 P.M. com.google.cloud.datastore.emulator.firestore.webchannel.JsonToProtoConverter toListenRequest
WARNING: invalid message: {"database":"projects/reservas-7c286/databases/(default)","addTarget":{"query":{"structuredQuery":{"from":[{"collectionId":"reservas"}],"orderBy":[{"field":{"fieldPath":"__name__"},"direction":"ASCENDING"}]},"parent":"projects/reservas-7c286/databases/(default)/documents"},"targetId":2,"resumeToken":"CgkIk9n+r7/2jgM=","expectedCount":0}}
Aug 06, 2025 12:26:17 P.M. com.google.net.webchannel.server.common.ChannelProcessor run
WARNING: Failed to consume the event.
java.lang.RuntimeException: com.google.protobuf.InvalidProtocolBufferException: Cannot find field: expectedCount in message google.firestore.v1.Target
	at com.google.cloud.datastore.emulator.firestore.webchannel.JsonToProtoConverter.toListenRequest(JsonToProtoConverter.java:22)
	at com.google.cloud.datastore.emulator.firestore.webchannel.FirestoreV1WebChannelAdapter$FirestoreListenHandler.onMessage(FirestoreV1WebChannelAdapter.java:174)
	at com.google.cloud.datastore.emulator.firestore.webchannel.FirestoreV1WebChannelAdapter$FirestoreListenHandler.onMessage(FirestoreV1WebChannelAdapter.java:144)
	at com.google.net.webchannel.server.v8.ChannelInternalImpl.onMessage(ChannelInternalImpl.java:525)
	at com.google.net.webchannel.server.v8.ForwardChannel.deliverMessage(ForwardChannel.java:114)
	at com.google.net.webchannel.server.v8.ForwardChannel.processPendingRequest(ForwardChannel.java:93)
	at com.google.net.webchannel.server.v8.ForwardChannel.consume(ForwardChannel.java:67)
	at com.google.net.webchannel.server.v8.ForwardChannel.add(ForwardChannel.java:60)
	at com.google.net.webchannel.server.v8.ChannelInternalImpl.handleRequestBody(ChannelInternalImpl.java:290)
	at com.google.net.webchannel.server.v8.ChannelInternalImpl.processSessionRequest(ChannelInternalImpl.java:357)
	at com.google.net.webchannel.server.v8.ChannelInternalImpl.handle(ChannelInternalImpl.java:172)
	at com.google.net.webchannel.server.v8.ChannelInternalImpl.consume(ChannelInternalImpl.java:91)
	at com.google.net.webchannel.server.common.ChannelProcessor.run(ChannelProcessor.java:86)
Caused by: com.google.protobuf.InvalidProtocolBufferException: Cannot find field: expectedCount in message google.firestore.v1.Target
	at com.google.cloud.datastore.emulator.firestore.webchannel.jsonformatfork.JsonFormat$ParserImpl.mergeMessage(JsonFormat.java:1501)
	at com.google.cloud.datastore.emulator.firestore.webchannel.jsonformatfork.JsonFormat$ParserImpl.merge(JsonFormat.java:1360)
	at com.google.cloud.datastore.emulator.firestore.webchannel.jsonformatfork.JsonFormat$ParserImpl.parseFieldValue(JsonFormat.java:1999)
	at com.google.cloud.datastore.emulator.firestore.webchannel.jsonformatfork.JsonFormat$ParserImpl.mergeOneofField(JsonFormat.java:1709)
	at com.google.cloud.datastore.emulator.firestore.webchannel.jsonformatfork.JsonFormat$ParserImpl.mergeField(JsonFormat.java:1668)
	at com.google.cloud.datastore.emulator.firestore.webchannel.jsonformatfork.JsonFormat$ParserImpl.mergeMessage(JsonFormat.java:1503)
	at com.google.cloud.datastore.emulator.firestore.webchannel.jsonformatfork.JsonFormat$ParserImpl.merge(JsonFormat.java:1360)
	at com.google.cloud.datastore.emulator.firestore.webchannel.jsonformatfork.JsonFormat$ParserImpl.merge(JsonFormat.java:1343)
	at com.google.cloud.datastore.emulator.firestore.webchannel.jsonformatfork.JsonFormat$Parser.merge(JsonFormat.java:452)
	at com.google.cloud.datastore.emulator.firestore.webchannel.JsonToProtoConverter.toListenRequest(JsonToProtoConverter.java:19)
	... 12 more

Aug 06, 2025 12:26:35 P.M. io.gapi.emulators.netty.HttpVersionRoutingHandler channelRead
INFO: Detected non-HTTP/2 connection.
Aug 06, 2025 12:27:01 P.M. io.gapi.emulators.netty.HttpVersionRoutingHandler channelRead
INFO: Detected non-HTTP/2 connection.
Aug 06, 2025 12:27:09 P.M. io.gapi.emulators.netty.HttpVersionRoutingHandler channelRead
INFO: Detected non-HTTP/2 connection.
Aug 06, 2025 12:27:09 P.M. io.gapi.emulators.netty.HttpVersionRoutingHandler channelRead
INFO: Detected non-HTTP/2 connection.
Aug 06, 2025 12:27:09 P.M. io.gapi.emulators.netty.HttpVersionRoutingHandler channelRead
INFO: Detected non-HTTP/2 connection.
Aug 06, 2025 12:27:15 P.M. io.gapi.emulators.netty.HttpVersionRoutingHandler channelRead
INFO: Detected non-HTTP/2 connection.
Aug 06, 2025 12:27:15 P.M. io.gapi.emulators.netty.HttpVersionRoutingHandler channelRead
INFO: Detected non-HTTP/2 connection.
Aug 06, 2025 12:27:17 P.M. io.gapi.emulators.netty.HttpVersionRoutingHandler channelRead
INFO: Detected non-HTTP/2 connection.
Aug 06, 2025 12:27:17 P.M. com.google.cloud.datastore.emulator.firestore.webchannel.JsonToProtoConverter toListenRequest
WARNING: invalid message: {"database":"projects/reservas-7c286/databases/(default)","addTarget":{"query":{"structuredQuery":{"from":[{"collectionId":"bloqueos"}],"orderBy":[{"field":{"fieldPath":"__name__"},"direction":"ASCENDING"}]},"parent":"projects/reservas-7c286/databases/(default)/documents"},"targetId":2,"resumeToken":"CgkIreL8yr/2jgM=","expectedCount":0}}
Aug 06, 2025 12:27:17 P.M. com.google.net.webchannel.server.common.ChannelProcessor run
WARNING: Failed to consume the event.
java.lang.RuntimeException: com.google.protobuf.InvalidProtocolBufferException: Cannot find field: expectedCount in message google.firestore.v1.Target
	at com.google.cloud.datastore.emulator.firestore.webchannel.JsonToProtoConverter.toListenRequest(JsonToProtoConverter.java:22)
	at com.google.cloud.datastore.emulator.firestore.webchannel.FirestoreV1WebChannelAdapter$FirestoreListenHandler.onMessage(FirestoreV1WebChannelAdapter.java:174)
	at com.google.cloud.datastore.emulator.firestore.webchannel.FirestoreV1WebChannelAdapter$FirestoreListenHandler.onMessage(FirestoreV1WebChannelAdapter.java:144)
	at com.google.net.webchannel.server.v8.ChannelInternalImpl.onMessage(ChannelInternalImpl.java:525)
	at com.google.net.webchannel.server.v8.ForwardChannel.deliverMessage(ForwardChannel.java:114)
	at com.google.net.webchannel.server.v8.ForwardChannel.processPendingRequest(ForwardChannel.java:93)
	at com.google.net.webchannel.server.v8.ForwardChannel.consume(ForwardChannel.java:67)
	at com.google.net.webchannel.server.v8.ForwardChannel.add(ForwardChannel.java:60)
	at com.google.net.webchannel.server.v8.ChannelInternalImpl.handleRequestBody(ChannelInternalImpl.java:290)
	at com.google.net.webchannel.server.v8.ChannelInternalImpl.processSessionRequest(ChannelInternalImpl.java:357)
	at com.google.net.webchannel.server.v8.ChannelInternalImpl.handle(ChannelInternalImpl.java:172)
	at com.google.net.webchannel.server.v8.ChannelInternalImpl.consume(ChannelInternalImpl.java:91)
	at com.google.net.webchannel.server.common.ChannelProcessor.run(ChannelProcessor.java:86)
Caused by: com.google.protobuf.InvalidProtocolBufferException: Cannot find field: expectedCount in message google.firestore.v1.Target
	at com.google.cloud.datastore.emulator.firestore.webchannel.jsonformatfork.JsonFormat$ParserImpl.mergeMessage(JsonFormat.java:1501)
	at com.google.cloud.datastore.emulator.firestore.webchannel.jsonformatfork.JsonFormat$ParserImpl.merge(JsonFormat.java:1360)
	at com.google.cloud.datastore.emulator.firestore.webchannel.jsonformatfork.JsonFormat$ParserImpl.parseFieldValue(JsonFormat.java:1999)
	at com.google.cloud.datastore.emulator.firestore.webchannel.jsonformatfork.JsonFormat$ParserImpl.mergeOneofField(JsonFormat.java:1709)
	at com.google.cloud.datastore.emulator.firestore.webchannel.jsonformatfork.JsonFormat$ParserImpl.mergeField(JsonFormat.java:1668)
	at com.google.cloud.datastore.emulator.firestore.webchannel.jsonformatfork.JsonFormat$ParserImpl.mergeMessage(JsonFormat.java:1503)
	at com.google.cloud.datastore.emulator.firestore.webchannel.jsonformatfork.JsonFormat$ParserImpl.merge(JsonFormat.java:1360)
	at com.google.cloud.datastore.emulator.firestore.webchannel.jsonformatfork.JsonFormat$ParserImpl.merge(JsonFormat.java:1343)
	at com.google.cloud.datastore.emulator.firestore.webchannel.jsonformatfork.JsonFormat$Parser.merge(JsonFormat.java:452)
	at com.google.cloud.datastore.emulator.firestore.webchannel.JsonToProtoConverter.toListenRequest(JsonToProtoConverter.java:19)
	... 12 more

Aug 06, 2025 12:27:29 P.M. io.gapi.emulators.netty.HttpVersionRoutingHandler channelRead
INFO: Detected non-HTTP/2 connection.
Aug 06, 2025 12:27:29 P.M. io.gapi.emulators.netty.HttpVersionRoutingHandler channelRead
INFO: Detected non-HTTP/2 connection.
Aug 06, 2025 12:27:29 P.M. io.gapi.emulators.netty.HttpVersionRoutingHandler channelRead
INFO: Detected non-HTTP/2 connection.
Aug 06, 2025 12:27:32 P.M. io.gapi.emulators.netty.HttpVersionRoutingHandler channelRead
INFO: Detected non-HTTP/2 connection.
Aug 06, 2025 12:27:32 P.M. io.gapi.emulators.netty.HttpVersionRoutingHandler channelRead
INFO: Detected non-HTTP/2 connection.
Aug 06, 2025 12:27:33 P.M. io.gapi.emulators.netty.HttpVersionRoutingHandler channelRead
INFO: Detected non-HTTP/2 connection.
Aug 06, 2025 12:27:33 P.M. com.google.cloud.datastore.emulator.firestore.webchannel.JsonToProtoConverter toListenRequest
WARNING: invalid message: {"database":"projects/reservas-7c286/databases/(default)","addTarget":{"query":{"structuredQuery":{"from":[{"collectionId":"bloqueos"}],"orderBy":[{"field":{"fieldPath":"__name__"},"direction":"ASCENDING"}]},"parent":"projects/reservas-7c286/databases/(default)/documents"},"targetId":2,"resumeToken":"CgkIpcbR1L/2jgM=","expectedCount":0}}
Aug 06, 2025 12:27:33 P.M. com.google.net.webchannel.server.common.ChannelProcessor run
WARNING: Failed to consume the event.
java.lang.RuntimeException: com.google.protobuf.InvalidProtocolBufferException: Cannot find field: expectedCount in message google.firestore.v1.Target
	at com.google.cloud.datastore.emulator.firestore.webchannel.JsonToProtoConverter.toListenRequest(JsonToProtoConverter.java:22)
	at com.google.cloud.datastore.emulator.firestore.webchannel.FirestoreV1WebChannelAdapter$FirestoreListenHandler.onMessage(FirestoreV1WebChannelAdapter.java:174)
	at com.google.cloud.datastore.emulator.firestore.webchannel.FirestoreV1WebChannelAdapter$FirestoreListenHandler.onMessage(FirestoreV1WebChannelAdapter.java:144)
	at com.google.net.webchannel.server.v8.ChannelInternalImpl.onMessage(ChannelInternalImpl.java:525)
	at com.google.net.webchannel.server.v8.ForwardChannel.deliverMessage(ForwardChannel.java:114)
	at com.google.net.webchannel.server.v8.ForwardChannel.processPendingRequest(ForwardChannel.java:93)
	at com.google.net.webchannel.server.v8.ForwardChannel.consume(ForwardChannel.java:67)
	at com.google.net.webchannel.server.v8.ForwardChannel.add(ForwardChannel.java:60)
	at com.google.net.webchannel.server.v8.ChannelInternalImpl.handleRequestBody(ChannelInternalImpl.java:290)
	at com.google.net.webchannel.server.v8.ChannelInternalImpl.processSessionRequest(ChannelInternalImpl.java:357)
	at com.google.net.webchannel.server.v8.ChannelInternalImpl.handle(ChannelInternalImpl.java:172)
	at com.google.net.webchannel.server.v8.ChannelInternalImpl.consume(ChannelInternalImpl.java:91)
	at com.google.net.webchannel.server.common.ChannelProcessor.run(ChannelProcessor.java:86)
Caused by: com.google.protobuf.InvalidProtocolBufferException: Cannot find field: expectedCount in message google.firestore.v1.Target
	at com.google.cloud.datastore.emulator.firestore.webchannel.jsonformatfork.JsonFormat$ParserImpl.mergeMessage(JsonFormat.java:1501)
	at com.google.cloud.datastore.emulator.firestore.webchannel.jsonformatfork.JsonFormat$ParserImpl.merge(JsonFormat.java:1360)
	at com.google.cloud.datastore.emulator.firestore.webchannel.jsonformatfork.JsonFormat$ParserImpl.parseFieldValue(JsonFormat.java:1999)
	at com.google.cloud.datastore.emulator.firestore.webchannel.jsonformatfork.JsonFormat$ParserImpl.mergeOneofField(JsonFormat.java:1709)
	at com.google.cloud.datastore.emulator.firestore.webchannel.jsonformatfork.JsonFormat$ParserImpl.mergeField(JsonFormat.java:1668)
	at com.google.cloud.datastore.emulator.firestore.webchannel.jsonformatfork.JsonFormat$ParserImpl.mergeMessage(JsonFormat.java:1503)
	at com.google.cloud.datastore.emulator.firestore.webchannel.jsonformatfork.JsonFormat$ParserImpl.merge(JsonFormat.java:1360)
	at com.google.cloud.datastore.emulator.firestore.webchannel.jsonformatfork.JsonFormat$ParserImpl.merge(JsonFormat.java:1343)
	at com.google.cloud.datastore.emulator.firestore.webchannel.jsonformatfork.JsonFormat$Parser.merge(JsonFormat.java:452)
	at com.google.cloud.datastore.emulator.firestore.webchannel.JsonToProtoConverter.toListenRequest(JsonToProtoConverter.java:19)
	... 12 more

Aug 06, 2025 12:27:35 P.M. io.gapi.emulators.netty.HttpVersionRoutingHandler channelRead
INFO: Detected non-HTTP/2 connection.
Aug 06, 2025 12:27:44 P.M. io.gapi.emulators.netty.HttpVersionRoutingHandler channelRead
INFO: Detected non-HTTP/2 connection.
Aug 06, 2025 12:27:44 P.M. io.gapi.emulators.netty.HttpVersionRoutingHandler channelRead
INFO: Detected non-HTTP/2 connection.
Aug 06, 2025 12:27:44 P.M. io.gapi.emulators.netty.HttpVersionRoutingHandler channelRead
INFO: Detected non-HTTP/2 connection.
Aug 06, 2025 12:27:48 P.M. io.gapi.emulators.netty.HttpVersionRoutingHandler channelRead
INFO: Detected non-HTTP/2 connection.
Aug 06, 2025 12:27:48 P.M. com.google.cloud.datastore.emulator.firestore.webchannel.JsonToProtoConverter toListenRequest
WARNING: invalid message: {"database":"projects/reservas-7c286/databases/(default)","addTarget":{"query":{"structuredQuery":{"from":[{"collectionId":"bloqueos"}],"orderBy":[{"field":{"fieldPath":"__name__"},"direction":"ASCENDING"}]},"parent":"projects/reservas-7c286/databases/(default)/documents"},"targetId":2,"resumeToken":"CgkIxKCC3L/2jgM=","expectedCount":0}}
Aug 06, 2025 12:27:48 P.M. com.google.net.webchannel.server.common.ChannelProcessor run
WARNING: Failed to consume the event.
java.lang.RuntimeException: com.google.protobuf.InvalidProtocolBufferException: Cannot find field: expectedCount in message google.firestore.v1.Target
	at com.google.cloud.datastore.emulator.firestore.webchannel.JsonToProtoConverter.toListenRequest(JsonToProtoConverter.java:22)
	at com.google.cloud.datastore.emulator.firestore.webchannel.FirestoreV1WebChannelAdapter$FirestoreListenHandler.onMessage(FirestoreV1WebChannelAdapter.java:174)
	at com.google.cloud.datastore.emulator.firestore.webchannel.FirestoreV1WebChannelAdapter$FirestoreListenHandler.onMessage(FirestoreV1WebChannelAdapter.java:144)
	at com.google.net.webchannel.server.v8.ChannelInternalImpl.onMessage(ChannelInternalImpl.java:525)
	at com.google.net.webchannel.server.v8.ForwardChannel.deliverMessage(ForwardChannel.java:114)
	at com.google.net.webchannel.server.v8.ForwardChannel.processPendingRequest(ForwardChannel.java:93)
	at com.google.net.webchannel.server.v8.ForwardChannel.consume(ForwardChannel.java:67)
	at com.google.net.webchannel.server.v8.ForwardChannel.add(ForwardChannel.java:60)
	at com.google.net.webchannel.server.v8.ChannelInternalImpl.handleRequestBody(ChannelInternalImpl.java:290)
	at com.google.net.webchannel.server.v8.ChannelInternalImpl.processSessionRequest(ChannelInternalImpl.java:357)
	at com.google.net.webchannel.server.v8.ChannelInternalImpl.handle(ChannelInternalImpl.java:172)
	at com.google.net.webchannel.server.v8.ChannelInternalImpl.consume(ChannelInternalImpl.java:91)
	at com.google.net.webchannel.server.common.ChannelProcessor.run(ChannelProcessor.java:86)
Caused by: com.google.protobuf.InvalidProtocolBufferException: Cannot find field: expectedCount in message google.firestore.v1.Target
	at com.google.cloud.datastore.emulator.firestore.webchannel.jsonformatfork.JsonFormat$ParserImpl.mergeMessage(JsonFormat.java:1501)
	at com.google.cloud.datastore.emulator.firestore.webchannel.jsonformatfork.JsonFormat$ParserImpl.merge(JsonFormat.java:1360)
	at com.google.cloud.datastore.emulator.firestore.webchannel.jsonformatfork.JsonFormat$ParserImpl.parseFieldValue(JsonFormat.java:1999)
	at com.google.cloud.datastore.emulator.firestore.webchannel.jsonformatfork.JsonFormat$ParserImpl.mergeOneofField(JsonFormat.java:1709)
	at com.google.cloud.datastore.emulator.firestore.webchannel.jsonformatfork.JsonFormat$ParserImpl.mergeField(JsonFormat.java:1668)
	at com.google.cloud.datastore.emulator.firestore.webchannel.jsonformatfork.JsonFormat$ParserImpl.mergeMessage(JsonFormat.java:1503)
	at com.google.cloud.datastore.emulator.firestore.webchannel.jsonformatfork.JsonFormat$ParserImpl.merge(JsonFormat.java:1360)
	at com.google.cloud.datastore.emulator.firestore.webchannel.jsonformatfork.JsonFormat$ParserImpl.merge(JsonFormat.java:1343)
	at com.google.cloud.datastore.emulator.firestore.webchannel.jsonformatfork.JsonFormat$Parser.merge(JsonFormat.java:452)
	at com.google.cloud.datastore.emulator.firestore.webchannel.JsonToProtoConverter.toListenRequest(JsonToProtoConverter.java:19)
	... 12 more

