[debug] [2025-08-06T15:22:57.543Z] ----------------------------------------------------------------------
[debug] [2025-08-06T15:22:57.544Z] Command:       /usr/local/bin/firebase /Users/luchux/.cache/firebase/tools/lib/node_modules/firebase-tools/lib/bin/firebase emulators:start
[debug] [2025-08-06T15:22:57.545Z] CLI Version:   11.16.1
[debug] [2025-08-06T15:22:57.545Z] Platform:      darwin
[debug] [2025-08-06T15:22:57.545Z] Node Version:  v16.16.0
[debug] [2025-08-06T15:22:57.546Z] Time:          Wed Aug 06 2025 12:22:57 GMT-0300 (Argentina Standard Time)
[debug] [2025-08-06T15:22:57.546Z] ----------------------------------------------------------------------
[debug] 
[debug] [2025-08-06T15:22:57.645Z] > command requires scopes: ["email","openid","https://www.googleapis.com/auth/cloudplatformprojects.readonly","https://www.googleapis.com/auth/firebase","https://www.googleapis.com/auth/cloud-platform"]
[debug] [2025-08-06T15:22:57.646Z] > authorizing via signed-in user (lucianoguasco@gmail.com)
[debug] [2025-08-06T15:22:57.770Z] java version "19.0.1" 2022-10-18

[debug] [2025-08-06T15:22:57.774Z] Java(TM) SE Runtime Environment (build 19.0.1+10-21)
Java HotSpot(TM) 64-Bit Server VM (build 19.0.1+10-21, mixed mode, sharing)

[debug] [2025-08-06T15:22:57.783Z] Parsed Java major version: 19
[info] i  emulators: Starting emulators: auth, firestore {"metadata":{"emulator":{"name":"hub"},"message":"Starting emulators: auth, firestore"}}
[debug] [2025-08-06T15:22:58.487Z] [logging] Logging Emulator only supports listening on one address (127.0.0.1). Not listening on ::1
[debug] [2025-08-06T15:22:58.488Z] [auth] Authentication Emulator only supports listening on one address (127.0.0.1). Not listening on ::1
[debug] [2025-08-06T15:22:58.488Z] [firestore] Firestore Emulator only supports listening on one address (127.0.0.1). Not listening on ::1
[debug] [2025-08-06T15:22:58.488Z] [firestore.websocket] websocket server for firestore only supports listening on one address (127.0.0.1). Not listening on ::1
[debug] [2025-08-06T15:22:58.489Z] assigned listening specs for emulators {"user":{"hub":[{"address":"127.0.0.1","family":"IPv4","port":4400},{"address":"::1","family":"IPv6","port":4400}],"ui":[{"address":"127.0.0.1","family":"IPv4","port":4000},{"address":"::1","family":"IPv6","port":4000}],"logging":[{"address":"127.0.0.1","family":"IPv4","port":4500}],"auth":[{"address":"127.0.0.1","family":"IPv4","port":9099}],"firestore":[{"address":"127.0.0.1","family":"IPv4","port":8080}],"firestore.websocket":[{"address":"127.0.0.1","family":"IPv4","port":9150}]},"metadata":{"message":"assigned listening specs for emulators"}}
[debug] [2025-08-06T15:22:58.504Z] [hub] writing locator at /var/folders/hr/vvj185sj1zd6n4bg2qdpdysc0000gn/T/hub-reservas-7c286.json
[warn] ⚠  firestore: Did not find a Cloud Firestore rules file specified in a firebase.json config file. {"metadata":{"emulator":{"name":"firestore"},"message":"Did not find a Cloud Firestore rules file specified in a firebase.json config file."}}
[warn] ⚠  firestore: The emulator will default to allowing all reads and writes. Learn more about this option: https://firebase.google.com/docs/emulator-suite/install_and_configure#security_rules_configuration. {"metadata":{"emulator":{"name":"firestore"},"message":"The emulator will default to allowing all reads and writes. Learn more about this option: https://firebase.google.com/docs/emulator-suite/install_and_configure#security_rules_configuration."}}
[debug] [2025-08-06T15:22:58.521Z] Ignoring unsupported arg: auto_download {"metadata":{"emulator":{"name":"firestore"},"message":"Ignoring unsupported arg: auto_download"}}
[debug] [2025-08-06T15:22:58.521Z] Ignoring unsupported arg: single_project_mode_error {"metadata":{"emulator":{"name":"firestore"},"message":"Ignoring unsupported arg: single_project_mode_error"}}
[debug] [2025-08-06T15:22:58.521Z] Starting Firestore Emulator with command {"binary":"java","args":["-Dgoogle.cloud_firestore.debug_log_level=FINE","-Duser.language=en","-jar","/Users/luchux/.cache/firebase/emulators/cloud-firestore-emulator-v1.15.1.jar","--host","127.0.0.1","--port",8080,"--websocket_port",9150,"--project_id","reservas-7c286","--single_project_mode",true],"optionalArgs":["port","webchannel_port","host","rules","websocket_port","functions_emulator","seed_from_export","project_id","single_project_mode"],"joinArgs":false} {"metadata":{"emulator":{"name":"firestore"},"message":"Starting Firestore Emulator with command {\"binary\":\"java\",\"args\":[\"-Dgoogle.cloud_firestore.debug_log_level=FINE\",\"-Duser.language=en\",\"-jar\",\"/Users/luchux/.cache/firebase/emulators/cloud-firestore-emulator-v1.15.1.jar\",\"--host\",\"127.0.0.1\",\"--port\",8080,\"--websocket_port\",9150,\"--project_id\",\"reservas-7c286\",\"--single_project_mode\",true],\"optionalArgs\":[\"port\",\"webchannel_port\",\"host\",\"rules\",\"websocket_port\",\"functions_emulator\",\"seed_from_export\",\"project_id\",\"single_project_mode\"],\"joinArgs\":false}"}}
[info] i  firestore: Firestore Emulator logging to firestore-debug.log {"metadata":{"emulator":{"name":"firestore"},"message":"Firestore Emulator logging to \u001b[1mfirestore-debug.log\u001b[22m"}}
[debug] [2025-08-06T15:22:59.088Z] Aug 06, 2025 12:22:59 P.M. com.google.cloud.datastore.emulator.firestore.websocket.WebSocketServer start
INFO: Started WebSocket server on ws://127.0.0.1:9150
 {"metadata":{"emulator":{"name":"firestore"},"message":"Aug 06, 2025 12:22:59 P.M. com.google.cloud.datastore.emulator.firestore.websocket.WebSocketServer start\nINFO: Started WebSocket server on ws://127.0.0.1:9150\n"}}
[debug] [2025-08-06T15:22:59.099Z] API endpoint: http://127.0.0.1:8080 {"metadata":{"emulator":{"name":"firestore"},"message":"API endpoint: http://127.0.0.1:8080"}}
[debug] [2025-08-06T15:22:59.099Z] 
If you are using a library that supports the FIRESTORE_EMULATOR_HOST environment variable, run:

   export FIRESTORE_EMULATOR_HOST=127.0.0.1:8080

Dev App Server is now running.

 {"metadata":{"emulator":{"name":"firestore"},"message":"\nIf you are using a library that supports the FIRESTORE_EMULATOR_HOST environment variable, run:\n\n   export FIRESTORE_EMULATOR_HOST=127.0.0.1:8080\n\nDev App Server is now running.\n\n"}}
[info] ✔  firestore: Firestore Emulator UI websocket is running on 9150. {"metadata":{"emulator":{"name":"firestore"},"message":"Firestore Emulator UI websocket is running on 9150."}}
[debug] [2025-08-06T15:23:05.563Z] Ignoring unsupported arg: auto_download {"metadata":{"emulator":{"name":"ui"},"message":"Ignoring unsupported arg: auto_download"}}
[debug] [2025-08-06T15:23:05.563Z] Ignoring unsupported arg: port {"metadata":{"emulator":{"name":"ui"},"message":"Ignoring unsupported arg: port"}}
[debug] [2025-08-06T15:23:05.564Z] Starting Emulator UI with command {"binary":"node","args":["/Users/luchux/.cache/firebase/emulators/ui-v1.11.1/server/server.js"],"optionalArgs":[],"joinArgs":false} {"metadata":{"emulator":{"name":"ui"},"message":"Starting Emulator UI with command {\"binary\":\"node\",\"args\":[\"/Users/luchux/.cache/firebase/emulators/ui-v1.11.1/server/server.js\"],\"optionalArgs\":[],\"joinArgs\":false}"}}
[info] i  ui: Emulator UI logging to ui-debug.log {"metadata":{"emulator":{"name":"ui"},"message":"Emulator UI logging to \u001b[1mui-debug.log\u001b[22m"}}
[debug] [2025-08-06T15:23:05.738Z] Web / API server started at 127.0.0.1:4000
 {"metadata":{"emulator":{"name":"ui"},"message":"Web / API server started at 127.0.0.1:4000\n"}}
[debug] [2025-08-06T15:23:05.739Z] Web / API server started at ::1:4000
 {"metadata":{"emulator":{"name":"ui"},"message":"Web / API server started at ::1:4000\n"}}
[info] 
┌─────────────────────────────────────────────────────────────┐
│ ✔  All emulators ready! It is now safe to connect your app. │
│ i  View Emulator UI at http://127.0.0.1:4000/               │
└─────────────────────────────────────────────────────────────┘

┌────────────────┬────────────────┬─────────────────────────────────┐
│ Emulator       │ Host:Port      │ View in Emulator UI             │
├────────────────┼────────────────┼─────────────────────────────────┤
│ Authentication │ 127.0.0.1:9099 │ http://127.0.0.1:4000/auth      │
├────────────────┼────────────────┼─────────────────────────────────┤
│ Firestore      │ 127.0.0.1:8080 │ http://127.0.0.1:4000/firestore │
└────────────────┴────────────────┴─────────────────────────────────┘
  Emulator Hub running at 127.0.0.1:4400
  Other reserved ports: 4500, 9150

Issues? Report them at https://github.com/firebase/firebase-tools/issues and attach the *-debug.log files.
 
[debug] [2025-08-06T15:23:07.012Z] Aug 06, 2025 12:23:07 P.M. com.google.cloud.datastore.emulator.firestore.websocket.WebSocketChannelHandler initChannel
INFO: Connected to new websocket client
 {"metadata":{"emulator":{"name":"firestore"},"message":"Aug 06, 2025 12:23:07 P.M. com.google.cloud.datastore.emulator.firestore.websocket.WebSocketChannelHandler initChannel\nINFO: Connected to new websocket client\n"}}
[debug] [2025-08-06T15:23:10.198Z] Aug 06, 2025 12:23:10 P.M. io.gapi.emulators.netty.HttpVersionRoutingHandler channelRead
INFO: Detected non-HTTP/2 connection.
 {"metadata":{"emulator":{"name":"firestore"},"message":"Aug 06, 2025 12:23:10 P.M. io.gapi.emulators.netty.HttpVersionRoutingHandler channelRead\nINFO: Detected non-HTTP/2 connection.\n"}}
[debug] [2025-08-06T15:23:10.304Z] Aug 06, 2025 12:23:10 P.M. io.gapi.emulators.netty.HttpVersionRoutingHandler channelRead
INFO: Detected HTTP/2 connection.
 {"metadata":{"emulator":{"name":"firestore"},"message":"Aug 06, 2025 12:23:10 P.M. io.gapi.emulators.netty.HttpVersionRoutingHandler channelRead\nINFO: Detected HTTP/2 connection.\n"}}
[debug] [2025-08-06T15:23:20.566Z] Aug 06, 2025 12:23:20 P.M. io.gapi.emulators.netty.HttpVersionRoutingHandler channelRead
INFO: Detected non-HTTP/2 connection.
 {"metadata":{"emulator":{"name":"firestore"},"message":"Aug 06, 2025 12:23:20 P.M. io.gapi.emulators.netty.HttpVersionRoutingHandler channelRead\nINFO: Detected non-HTTP/2 connection.\n"}}
[debug] [2025-08-06T15:23:27.356Z] Aug 06, 2025 12:23:27 P.M. com.google.cloud.datastore.emulator.firestore.websocket.WebSocketChannelHandler initChannel
INFO: Connected to new websocket client
 {"metadata":{"emulator":{"name":"firestore"},"message":"Aug 06, 2025 12:23:27 P.M. com.google.cloud.datastore.emulator.firestore.websocket.WebSocketChannelHandler initChannel\nINFO: Connected to new websocket client\n"}}
[debug] [2025-08-06T15:23:29.172Z] Aug 06, 2025 12:23:29 P.M. io.gapi.emulators.netty.HttpVersionRoutingHandler channelRead
INFO: Detected non-HTTP/2 connection.
 {"metadata":{"emulator":{"name":"firestore"},"message":"Aug 06, 2025 12:23:29 P.M. io.gapi.emulators.netty.HttpVersionRoutingHandler channelRead\nINFO: Detected non-HTTP/2 connection.\n"}}
[debug] [2025-08-06T15:23:40.587Z] Aug 06, 2025 12:23:40 P.M. io.gapi.emulators.netty.HttpVersionRoutingHandler channelRead
INFO: Detected non-HTTP/2 connection.
 {"metadata":{"emulator":{"name":"firestore"},"message":"Aug 06, 2025 12:23:40 P.M. io.gapi.emulators.netty.HttpVersionRoutingHandler channelRead\nINFO: Detected non-HTTP/2 connection.\n"}}
[debug] [2025-08-06T15:23:49.287Z] Aug 06, 2025 12:23:49 P.M. io.gapi.emulators.netty.HttpVersionRoutingHandler channelRead
INFO: Detected non-HTTP/2 connection.
 {"metadata":{"emulator":{"name":"firestore"},"message":"Aug 06, 2025 12:23:49 P.M. io.gapi.emulators.netty.HttpVersionRoutingHandler channelRead\nINFO: Detected non-HTTP/2 connection.\n"}}
[debug] [2025-08-06T15:23:49.338Z] Multiple projectIds are not recommended in single project mode. Requested project ID mobihunter-44db1, but the emulator is configured for reservas-7c286. This warning will become an error in the future. To opt-out of single project mode add/set the '"single_project_mode": false' property in the firebase.json emulators config.
 {"metadata":{"emulator":{"name":"firestore"},"message":"Multiple projectIds are not recommended in single project mode. Requested project ID mobihunter-44db1, but the emulator is configured for reservas-7c286. This warning will become an error in the future. To opt-out of single project mode add/set the '\"single_project_mode\": false' property in the firebase.json emulators config.\n"}}
[debug] [2025-08-06T15:23:49.440Z] Aug 06, 2025 12:23:49 P.M. io.gapi.emulators.netty.HttpVersionRoutingHandler channelRead
INFO: Detected non-HTTP/2 connection.
 {"metadata":{"emulator":{"name":"firestore"},"message":"Aug 06, 2025 12:23:49 P.M. io.gapi.emulators.netty.HttpVersionRoutingHandler channelRead\nINFO: Detected non-HTTP/2 connection.\n"}}
[debug] [2025-08-06T15:23:50.609Z] Aug 06, 2025 12:23:50 P.M. io.gapi.emulators.netty.HttpVersionRoutingHandler channelRead
INFO: Detected non-HTTP/2 connection.
 {"metadata":{"emulator":{"name":"firestore"},"message":"Aug 06, 2025 12:23:50 P.M. io.gapi.emulators.netty.HttpVersionRoutingHandler channelRead\nINFO: Detected non-HTTP/2 connection.\n"}}
[debug] [2025-08-06T15:24:00.627Z] Aug 06, 2025 12:24:00 P.M. io.gapi.emulators.netty.HttpVersionRoutingHandler channelRead
INFO: Detected non-HTTP/2 connection.
 {"metadata":{"emulator":{"name":"firestore"},"message":"Aug 06, 2025 12:24:00 P.M. io.gapi.emulators.netty.HttpVersionRoutingHandler channelRead\nINFO: Detected non-HTTP/2 connection.\n"}}
[debug] [2025-08-06T15:24:10.643Z] Aug 06, 2025 12:24:10 P.M. io.gapi.emulators.netty.HttpVersionRoutingHandler channelRead
INFO: Detected non-HTTP/2 connection.
 {"metadata":{"emulator":{"name":"firestore"},"message":"Aug 06, 2025 12:24:10 P.M. io.gapi.emulators.netty.HttpVersionRoutingHandler channelRead\nINFO: Detected non-HTTP/2 connection.\n"}}
[debug] [2025-08-06T15:24:20.711Z] Aug 06, 2025 12:24:20 P.M. io.gapi.emulators.netty.HttpVersionRoutingHandler channelRead
INFO: Detected non-HTTP/2 connection.
 {"metadata":{"emulator":{"name":"firestore"},"message":"Aug 06, 2025 12:24:20 P.M. io.gapi.emulators.netty.HttpVersionRoutingHandler channelRead\nINFO: Detected non-HTTP/2 connection.\n"}}
[debug] [2025-08-06T15:24:24.594Z] Aug 06, 2025 12:24:24 P.M. io.gapi.emulators.netty.HttpVersionRoutingHandler channelRead
INFO: Detected non-HTTP/2 connection.
 {"metadata":{"emulator":{"name":"firestore"},"message":"Aug 06, 2025 12:24:24 P.M. io.gapi.emulators.netty.HttpVersionRoutingHandler channelRead\nINFO: Detected non-HTTP/2 connection.\n"}}
[debug] [2025-08-06T15:24:24.765Z] Aug 06, 2025 12:24:24 P.M. io.gapi.emulators.netty.HttpVersionRoutingHandler channelRead
INFO: Detected non-HTTP/2 connection.
 {"metadata":{"emulator":{"name":"firestore"},"message":"Aug 06, 2025 12:24:24 P.M. io.gapi.emulators.netty.HttpVersionRoutingHandler channelRead\nINFO: Detected non-HTTP/2 connection.\n"}}
[debug] [2025-08-06T15:24:24.773Z] Aug 06, 2025 12:24:24 P.M. io.gapi.emulators.netty.HttpVersionRoutingHandler channelRead
INFO: Detected non-HTTP/2 connection.
 {"metadata":{"emulator":{"name":"firestore"},"message":"Aug 06, 2025 12:24:24 P.M. io.gapi.emulators.netty.HttpVersionRoutingHandler channelRead\nINFO: Detected non-HTTP/2 connection.\n"}}
[debug] [2025-08-06T15:24:24.840Z] Aug 06, 2025 12:24:24 P.M. io.gapi.emulators.netty.HttpVersionRoutingHandler channelRead
INFO: Detected non-HTTP/2 connection.
 {"metadata":{"emulator":{"name":"firestore"},"message":"Aug 06, 2025 12:24:24 P.M. io.gapi.emulators.netty.HttpVersionRoutingHandler channelRead\nINFO: Detected non-HTTP/2 connection.\n"}}
[debug] [2025-08-06T15:24:30.732Z] Aug 06, 2025 12:24:30 P.M. io.gapi.emulators.netty.HttpVersionRoutingHandler channelRead
INFO: Detected non-HTTP/2 connection.
 {"metadata":{"emulator":{"name":"firestore"},"message":"Aug 06, 2025 12:24:30 P.M. io.gapi.emulators.netty.HttpVersionRoutingHandler channelRead\nINFO: Detected non-HTTP/2 connection.\n"}}
[debug] [2025-08-06T15:24:35.278Z] Aug 06, 2025 12:24:35 P.M. io.gapi.emulators.netty.HttpVersionRoutingHandler channelRead
INFO: Detected non-HTTP/2 connection.
 {"metadata":{"emulator":{"name":"firestore"},"message":"Aug 06, 2025 12:24:35 P.M. io.gapi.emulators.netty.HttpVersionRoutingHandler channelRead\nINFO: Detected non-HTTP/2 connection.\n"}}
[debug] [2025-08-06T15:24:40.751Z] Aug 06, 2025 12:24:40 P.M. io.gapi.emulators.netty.HttpVersionRoutingHandler channelRead
INFO: Detected non-HTTP/2 connection.
 {"metadata":{"emulator":{"name":"firestore"},"message":"Aug 06, 2025 12:24:40 P.M. io.gapi.emulators.netty.HttpVersionRoutingHandler channelRead\nINFO: Detected non-HTTP/2 connection.\n"}}
[debug] [2025-08-06T15:24:50.768Z] Aug 06, 2025 12:24:50 P.M. io.gapi.emulators.netty.HttpVersionRoutingHandler channelRead
INFO: Detected non-HTTP/2 connection.
 {"metadata":{"emulator":{"name":"firestore"},"message":"Aug 06, 2025 12:24:50 P.M. io.gapi.emulators.netty.HttpVersionRoutingHandler channelRead\nINFO: Detected non-HTTP/2 connection.\n"}}
[debug] [2025-08-06T15:24:57.028Z] Aug 06, 2025 12:24:57 P.M. io.gapi.emulators.netty.HttpVersionRoutingHandler channelRead
INFO: Detected non-HTTP/2 connection.
 {"metadata":{"emulator":{"name":"firestore"},"message":"Aug 06, 2025 12:24:57 P.M. io.gapi.emulators.netty.HttpVersionRoutingHandler channelRead\nINFO: Detected non-HTTP/2 connection.\n"}}
[debug] [2025-08-06T15:25:14.215Z] Aug 06, 2025 12:25:14 P.M. io.gapi.emulators.netty.HttpVersionRoutingHandler channelRead
INFO: Detected non-HTTP/2 connection.
 {"metadata":{"emulator":{"name":"firestore"},"message":"Aug 06, 2025 12:25:14 P.M. io.gapi.emulators.netty.HttpVersionRoutingHandler channelRead\nINFO: Detected non-HTTP/2 connection.\n"}}
[debug] [2025-08-06T15:25:14.257Z] Aug 06, 2025 12:25:14 P.M. io.gapi.emulators.netty.HttpVersionRoutingHandler channelRead
INFO: Detected non-HTTP/2 connection.
 {"metadata":{"emulator":{"name":"firestore"},"message":"Aug 06, 2025 12:25:14 P.M. io.gapi.emulators.netty.HttpVersionRoutingHandler channelRead\nINFO: Detected non-HTTP/2 connection.\n"}}
[debug] [2025-08-06T15:25:14.268Z] Aug 06, 2025 12:25:14 P.M. io.gapi.emulators.netty.HttpVersionRoutingHandler channelRead
INFO: Detected non-HTTP/2 connection.
 {"metadata":{"emulator":{"name":"firestore"},"message":"Aug 06, 2025 12:25:14 P.M. io.gapi.emulators.netty.HttpVersionRoutingHandler channelRead\nINFO: Detected non-HTTP/2 connection.\n"}}
[debug] [2025-08-06T15:25:14.326Z] Aug 06, 2025 12:25:14 P.M. io.gapi.emulators.netty.HttpVersionRoutingHandler channelRead
INFO: Detected non-HTTP/2 connection.
 {"metadata":{"emulator":{"name":"firestore"},"message":"Aug 06, 2025 12:25:14 P.M. io.gapi.emulators.netty.HttpVersionRoutingHandler channelRead\nINFO: Detected non-HTTP/2 connection.\n"}}
[debug] [2025-08-06T15:25:24.857Z] Aug 06, 2025 12:25:24 P.M. io.gapi.emulators.netty.HttpVersionRoutingHandler channelRead
INFO: Detected non-HTTP/2 connection.
 {"metadata":{"emulator":{"name":"firestore"},"message":"Aug 06, 2025 12:25:24 P.M. io.gapi.emulators.netty.HttpVersionRoutingHandler channelRead\nINFO: Detected non-HTTP/2 connection.\n"}}
[debug] [2025-08-06T15:25:25.274Z] Aug 06, 2025 12:25:25 P.M. io.gapi.emulators.netty.HttpVersionRoutingHandler channelRead
INFO: Detected non-HTTP/2 connection.
 {"metadata":{"emulator":{"name":"firestore"},"message":"Aug 06, 2025 12:25:25 P.M. io.gapi.emulators.netty.HttpVersionRoutingHandler channelRead\nINFO: Detected non-HTTP/2 connection.\n"}}
[debug] [2025-08-06T15:25:25.289Z] Aug 06, 2025 12:25:25 P.M. com.google.cloud.datastore.emulator.firestore.webchannel.FirestoreV1WebChannelAdapter$FirestoreListenHandler onClose
INFO: channel closed
 {"metadata":{"emulator":{"name":"firestore"},"message":"Aug 06, 2025 12:25:25 P.M. com.google.cloud.datastore.emulator.firestore.webchannel.FirestoreV1WebChannelAdapter$FirestoreListenHandler onClose\nINFO: channel closed\n"}}
[debug] [2025-08-06T15:25:35.305Z] Aug 06, 2025 12:25:35 P.M. io.gapi.emulators.netty.HttpVersionRoutingHandler channelRead
INFO: Detected non-HTTP/2 connection.
 {"metadata":{"emulator":{"name":"firestore"},"message":"Aug 06, 2025 12:25:35 P.M. io.gapi.emulators.netty.HttpVersionRoutingHandler channelRead\nINFO: Detected non-HTTP/2 connection.\n"}}
[debug] [2025-08-06T15:25:44.351Z] Aug 06, 2025 12:25:44 P.M. io.gapi.emulators.netty.HttpVersionRoutingHandler channelRead
INFO: Detected non-HTTP/2 connection.
 {"metadata":{"emulator":{"name":"firestore"},"message":"Aug 06, 2025 12:25:44 P.M. io.gapi.emulators.netty.HttpVersionRoutingHandler channelRead\nINFO: Detected non-HTTP/2 connection.\n"}}
[debug] [2025-08-06T15:25:44.376Z] Aug 06, 2025 12:25:44 P.M. io.gapi.emulators.netty.HttpVersionRoutingHandler channelRead
INFO: Detected non-HTTP/2 connection.
 {"metadata":{"emulator":{"name":"firestore"},"message":"Aug 06, 2025 12:25:44 P.M. io.gapi.emulators.netty.HttpVersionRoutingHandler channelRead\nINFO: Detected non-HTTP/2 connection.\n"}}
[debug] [2025-08-06T15:25:44.383Z] Aug 06, 2025 12:25:44 P.M. io.gapi.emulators.netty.HttpVersionRoutingHandler channelRead
INFO: Detected non-HTTP/2 connection.
 {"metadata":{"emulator":{"name":"firestore"},"message":"Aug 06, 2025 12:25:44 P.M. io.gapi.emulators.netty.HttpVersionRoutingHandler channelRead\nINFO: Detected non-HTTP/2 connection.\n"}}
[debug] [2025-08-06T15:25:44.464Z] Aug 06, 2025 12:25:44 P.M. io.gapi.emulators.netty.HttpVersionRoutingHandler channelRead
INFO: Detected non-HTTP/2 connection.
 {"metadata":{"emulator":{"name":"firestore"},"message":"Aug 06, 2025 12:25:44 P.M. io.gapi.emulators.netty.HttpVersionRoutingHandler channelRead\nINFO: Detected non-HTTP/2 connection.\n"}}
[debug] [2025-08-06T15:26:12.599Z] Aug 06, 2025 12:26:12 P.M. io.gapi.emulators.netty.HttpVersionRoutingHandler channelRead
INFO: Detected non-HTTP/2 connection.
 {"metadata":{"emulator":{"name":"firestore"},"message":"Aug 06, 2025 12:26:12 P.M. io.gapi.emulators.netty.HttpVersionRoutingHandler channelRead\nINFO: Detected non-HTTP/2 connection.\n"}}
[debug] [2025-08-06T15:26:12.628Z] Aug 06, 2025 12:26:12 P.M. io.gapi.emulators.netty.HttpVersionRoutingHandler channelRead
INFO: Detected non-HTTP/2 connection.
 {"metadata":{"emulator":{"name":"firestore"},"message":"Aug 06, 2025 12:26:12 P.M. io.gapi.emulators.netty.HttpVersionRoutingHandler channelRead\nINFO: Detected non-HTTP/2 connection.\n"}}
[debug] [2025-08-06T15:26:12.635Z] Aug 06, 2025 12:26:12 P.M. io.gapi.emulators.netty.HttpVersionRoutingHandler channelRead
INFO: Detected non-HTTP/2 connection.
 {"metadata":{"emulator":{"name":"firestore"},"message":"Aug 06, 2025 12:26:12 P.M. io.gapi.emulators.netty.HttpVersionRoutingHandler channelRead\nINFO: Detected non-HTTP/2 connection.\n"}}
[debug] [2025-08-06T15:26:16.135Z] Aug 06, 2025 12:26:16 P.M. io.gapi.emulators.netty.HttpVersionRoutingHandler channelRead
INFO: Detected non-HTTP/2 connection.
 {"metadata":{"emulator":{"name":"firestore"},"message":"Aug 06, 2025 12:26:16 P.M. io.gapi.emulators.netty.HttpVersionRoutingHandler channelRead\nINFO: Detected non-HTTP/2 connection.\n"}}
[debug] [2025-08-06T15:26:16.158Z] Aug 06, 2025 12:26:16 P.M. io.gapi.emulators.netty.HttpVersionRoutingHandler channelRead
INFO: Detected non-HTTP/2 connection.
 {"metadata":{"emulator":{"name":"firestore"},"message":"Aug 06, 2025 12:26:16 P.M. io.gapi.emulators.netty.HttpVersionRoutingHandler channelRead\nINFO: Detected non-HTTP/2 connection.\n"}}
[debug] [2025-08-06T15:26:17.906Z] Aug 06, 2025 12:26:17 P.M. io.gapi.emulators.netty.HttpVersionRoutingHandler channelRead
INFO: Detected non-HTTP/2 connection.
 {"metadata":{"emulator":{"name":"firestore"},"message":"Aug 06, 2025 12:26:17 P.M. io.gapi.emulators.netty.HttpVersionRoutingHandler channelRead\nINFO: Detected non-HTTP/2 connection.\n"}}
[debug] [2025-08-06T15:26:17.911Z] Aug 06, 2025 12:26:17 P.M. com.google.cloud.datastore.emulator.firestore.webchannel.JsonToProtoConverter toListenRequest
WARNING: invalid message: {"database":"projects/reservas-7c286/databases/(default)","addTarget":{"query":{"structuredQuery":{"from":[{"collectionId":"reservas"}],"orderBy":[{"field":{"fieldPath":"__name__"},"direction":"ASCENDING"}]},"parent":"projects/reservas-7c286/databases/(default)/documents"},"targetId":2,"resumeToken":"CgkIk9n+r7/2jgM=","expectedCount":0}}
 {"metadata":{"emulator":{"name":"firestore"},"message":"Aug 06, 2025 12:26:17 P.M. com.google.cloud.datastore.emulator.firestore.webchannel.JsonToProtoConverter toListenRequest\nWARNING: invalid message: {\"database\":\"projects/reservas-7c286/databases/(default)\",\"addTarget\":{\"query\":{\"structuredQuery\":{\"from\":[{\"collectionId\":\"reservas\"}],\"orderBy\":[{\"field\":{\"fieldPath\":\"__name__\"},\"direction\":\"ASCENDING\"}]},\"parent\":\"projects/reservas-7c286/databases/(default)/documents\"},\"targetId\":2,\"resumeToken\":\"CgkIk9n+r7/2jgM=\",\"expectedCount\":0}}\n"}}
[debug] [2025-08-06T15:26:17.912Z] Aug 06, 2025 12:26:17 P.M. com.google.net.webchannel.server.common.ChannelProcessor run
WARNING: Failed to consume the event.
java.lang.RuntimeException: com.google.protobuf.InvalidProtocolBufferException: Cannot find field: expectedCount in message google.firestore.v1.Target
	at com.google.cloud.datastore.emulator.firestore.webchannel.JsonToProtoConverter.toListenRequest(JsonToProtoConverter.java:22)
	at com.google.cloud.datastore.emulator.firestore.webchannel.FirestoreV1WebChannelAdapter$FirestoreListenHandler.onMessage(FirestoreV1WebChannelAdapter.java:174)
	at com.google.cloud.datastore.emulator.firestore.webchannel.FirestoreV1WebChannelAdapter$FirestoreListenHandler.onMessage(FirestoreV1WebChannelAdapter.java:144)
	at com.google.net.webchannel.server.v8.ChannelInternalImpl.onMessage(ChannelInternalImpl.java:525)
	at com.google.net.webchannel.server.v8.ForwardChannel.deliverMessage(ForwardChannel.java:114)
	at com.google.net.webchannel.server.v8.ForwardChannel.processPendingRequest(ForwardChannel.java:93)
	at com.google.net.webchannel.server.v8.ForwardChannel.consume(ForwardChannel.java:67)
	at com.google.net.webchannel.server.v8.ForwardChannel.add(ForwardChannel.java:60)
	at com.google.net.webchannel.server.v8.ChannelInternalImpl.handleRequestBody(ChannelInternalImpl.java:290)
	at com.google.net.webchannel.server.v8.ChannelInternalImpl.processSessionRequest(ChannelInternalImpl.java:357)
	at com.google.net.webchannel.server.v8.ChannelInternalImpl.handle(ChannelInternalImpl.java:172)
	at com.google.net.webchannel.server.v8.ChannelInternalImpl.consume(ChannelInternalImpl.java:91)
	at com.google.net.webchannel.server.common.ChannelProcessor.run(ChannelProcessor.java:86)
Caused by: com.google.protobuf.InvalidProtocolBufferException: Cannot find field: expectedCount in message google.firestore.v1.Target
	at com.google.cloud.datastore.emulator.firestore.webchannel.jsonformatfork.JsonFormat$ParserImpl.mergeMessage(JsonFormat.java:1501)
	at com.google.cloud.datastore.emulator.firestore.webchannel.jsonformatfork.JsonFormat$ParserImpl.merge(JsonFormat.java:1360)
	at com.google.cloud.datastore.emulator.firestore.webchannel.jsonformatfork.JsonFormat$ParserImpl.parseFieldValue(JsonFormat.java:1999)
	at com.google.cloud.datastore.emulator.firestore.webchannel.jsonformatfork.JsonFormat$ParserImpl.mergeOneofField(JsonFormat.java:1709)
	at com.google.cloud.datastore.emulator.firestore.webchannel.jsonformatfork.JsonFormat$ParserImpl.mergeField(JsonFormat.java:1668)
	at com.google.cloud.datastore.emulator.firestore.webchannel.jsonformatfork.JsonFormat$ParserImpl.mergeMessage(JsonFormat.java:1503)
	at com.google.cloud.datastore.emulator.firestore.webchannel.jsonformatfork.JsonFormat$ParserImpl.merge(JsonFormat.java:1360)
	at com.google.cloud.datastore.emulator.firestore.webchannel.jsonformatfork.JsonFormat$ParserImpl.merge(JsonFormat.java:1343)
	at com.google.cloud.datastore.emulator.firestore.webchannel.jsonformatfork.JsonFormat$Parser.merge(JsonFormat.java:452)
	at com.google.cloud.datastore.emulator.firestore.webchannel.JsonToProtoConverter.toListenRequest(JsonToProtoConverter.java:19)
	... 12 more

 {"metadata":{"emulator":{"name":"firestore"},"message":"Aug 06, 2025 12:26:17 P.M. com.google.net.webchannel.server.common.ChannelProcessor run\nWARNING: Failed to consume the event.\njava.lang.RuntimeException: com.google.protobuf.InvalidProtocolBufferException: Cannot find field: expectedCount in message google.firestore.v1.Target\n\tat com.google.cloud.datastore.emulator.firestore.webchannel.JsonToProtoConverter.toListenRequest(JsonToProtoConverter.java:22)\n\tat com.google.cloud.datastore.emulator.firestore.webchannel.FirestoreV1WebChannelAdapter$FirestoreListenHandler.onMessage(FirestoreV1WebChannelAdapter.java:174)\n\tat com.google.cloud.datastore.emulator.firestore.webchannel.FirestoreV1WebChannelAdapter$FirestoreListenHandler.onMessage(FirestoreV1WebChannelAdapter.java:144)\n\tat com.google.net.webchannel.server.v8.ChannelInternalImpl.onMessage(ChannelInternalImpl.java:525)\n\tat com.google.net.webchannel.server.v8.ForwardChannel.deliverMessage(ForwardChannel.java:114)\n\tat com.google.net.webchannel.server.v8.ForwardChannel.processPendingRequest(ForwardChannel.java:93)\n\tat com.google.net.webchannel.server.v8.ForwardChannel.consume(ForwardChannel.java:67)\n\tat com.google.net.webchannel.server.v8.ForwardChannel.add(ForwardChannel.java:60)\n\tat com.google.net.webchannel.server.v8.ChannelInternalImpl.handleRequestBody(ChannelInternalImpl.java:290)\n\tat com.google.net.webchannel.server.v8.ChannelInternalImpl.processSessionRequest(ChannelInternalImpl.java:357)\n\tat com.google.net.webchannel.server.v8.ChannelInternalImpl.handle(ChannelInternalImpl.java:172)\n\tat com.google.net.webchannel.server.v8.ChannelInternalImpl.consume(ChannelInternalImpl.java:91)\n\tat com.google.net.webchannel.server.common.ChannelProcessor.run(ChannelProcessor.java:86)\nCaused by: com.google.protobuf.InvalidProtocolBufferException: Cannot find field: expectedCount in message google.firestore.v1.Target\n\tat com.google.cloud.datastore.emulator.firestore.webchannel.jsonformatfork.JsonFormat$ParserImpl.mergeMessage(JsonFormat.java:1501)\n\tat com.google.cloud.datastore.emulator.firestore.webchannel.jsonformatfork.JsonFormat$ParserImpl.merge(JsonFormat.java:1360)\n\tat com.google.cloud.datastore.emulator.firestore.webchannel.jsonformatfork.JsonFormat$ParserImpl.parseFieldValue(JsonFormat.java:1999)\n\tat com.google.cloud.datastore.emulator.firestore.webchannel.jsonformatfork.JsonFormat$ParserImpl.mergeOneofField(JsonFormat.java:1709)\n\tat com.google.cloud.datastore.emulator.firestore.webchannel.jsonformatfork.JsonFormat$ParserImpl.mergeField(JsonFormat.java:1668)\n\tat com.google.cloud.datastore.emulator.firestore.webchannel.jsonformatfork.JsonFormat$ParserImpl.mergeMessage(JsonFormat.java:1503)\n\tat com.google.cloud.datastore.emulator.firestore.webchannel.jsonformatfork.JsonFormat$ParserImpl.merge(JsonFormat.java:1360)\n\tat com.google.cloud.datastore.emulator.firestore.webchannel.jsonformatfork.JsonFormat$ParserImpl.merge(JsonFormat.java:1343)\n\tat com.google.cloud.datastore.emulator.firestore.webchannel.jsonformatfork.JsonFormat$Parser.merge(JsonFormat.java:452)\n\tat com.google.cloud.datastore.emulator.firestore.webchannel.JsonToProtoConverter.toListenRequest(JsonToProtoConverter.java:19)\n\t... 12 more\n\n"}}
[debug] [2025-08-06T15:26:35.352Z] Aug 06, 2025 12:26:35 P.M. io.gapi.emulators.netty.HttpVersionRoutingHandler channelRead
INFO: Detected non-HTTP/2 connection.
 {"metadata":{"emulator":{"name":"firestore"},"message":"Aug 06, 2025 12:26:35 P.M. io.gapi.emulators.netty.HttpVersionRoutingHandler channelRead\nINFO: Detected non-HTTP/2 connection.\n"}}
[debug] [2025-08-06T15:27:01.198Z] Aug 06, 2025 12:27:01 P.M. io.gapi.emulators.netty.HttpVersionRoutingHandler channelRead
INFO: Detected non-HTTP/2 connection.
 {"metadata":{"emulator":{"name":"firestore"},"message":"Aug 06, 2025 12:27:01 P.M. io.gapi.emulators.netty.HttpVersionRoutingHandler channelRead\nINFO: Detected non-HTTP/2 connection.\n"}}
[debug] [2025-08-06T15:27:09.197Z] Aug 06, 2025 12:27:09 P.M. io.gapi.emulators.netty.HttpVersionRoutingHandler channelRead
INFO: Detected non-HTTP/2 connection.
 {"metadata":{"emulator":{"name":"firestore"},"message":"Aug 06, 2025 12:27:09 P.M. io.gapi.emulators.netty.HttpVersionRoutingHandler channelRead\nINFO: Detected non-HTTP/2 connection.\n"}}
[debug] [2025-08-06T15:27:09.218Z] Aug 06, 2025 12:27:09 P.M. io.gapi.emulators.netty.HttpVersionRoutingHandler channelRead
INFO: Detected non-HTTP/2 connection.
 {"metadata":{"emulator":{"name":"firestore"},"message":"Aug 06, 2025 12:27:09 P.M. io.gapi.emulators.netty.HttpVersionRoutingHandler channelRead\nINFO: Detected non-HTTP/2 connection.\n"}}
[debug] [2025-08-06T15:27:09.226Z] Aug 06, 2025 12:27:09 P.M. io.gapi.emulators.netty.HttpVersionRoutingHandler channelRead
INFO: Detected non-HTTP/2 connection.
 {"metadata":{"emulator":{"name":"firestore"},"message":"Aug 06, 2025 12:27:09 P.M. io.gapi.emulators.netty.HttpVersionRoutingHandler channelRead\nINFO: Detected non-HTTP/2 connection.\n"}}
[debug] [2025-08-06T15:27:15.492Z] Aug 06, 2025 12:27:15 P.M. io.gapi.emulators.netty.HttpVersionRoutingHandler channelRead
INFO: Detected non-HTTP/2 connection.
 {"metadata":{"emulator":{"name":"firestore"},"message":"Aug 06, 2025 12:27:15 P.M. io.gapi.emulators.netty.HttpVersionRoutingHandler channelRead\nINFO: Detected non-HTTP/2 connection.\n"}}
[debug] [2025-08-06T15:27:15.509Z] Aug 06, 2025 12:27:15 P.M. io.gapi.emulators.netty.HttpVersionRoutingHandler channelRead
INFO: Detected non-HTTP/2 connection.
 {"metadata":{"emulator":{"name":"firestore"},"message":"Aug 06, 2025 12:27:15 P.M. io.gapi.emulators.netty.HttpVersionRoutingHandler channelRead\nINFO: Detected non-HTTP/2 connection.\n"}}
[debug] [2025-08-06T15:27:17.851Z] Aug 06, 2025 12:27:17 P.M. io.gapi.emulators.netty.HttpVersionRoutingHandler channelRead
INFO: Detected non-HTTP/2 connection.
 {"metadata":{"emulator":{"name":"firestore"},"message":"Aug 06, 2025 12:27:17 P.M. io.gapi.emulators.netty.HttpVersionRoutingHandler channelRead\nINFO: Detected non-HTTP/2 connection.\n"}}
[debug] [2025-08-06T15:27:17.913Z] Aug 06, 2025 12:27:17 P.M. com.google.cloud.datastore.emulator.firestore.webchannel.JsonToProtoConverter toListenRequest
WARNING: invalid message: {"database":"projects/reservas-7c286/databases/(default)","addTarget":{"query":{"structuredQuery":{"from":[{"collectionId":"bloqueos"}],"orderBy":[{"field":{"fieldPath":"__name__"},"direction":"ASCENDING"}]},"parent":"projects/reservas-7c286/databases/(default)/documents"},"targetId":2,"resumeToken":"CgkIreL8yr/2jgM=","expectedCount":0}}
 {"metadata":{"emulator":{"name":"firestore"},"message":"Aug 06, 2025 12:27:17 P.M. com.google.cloud.datastore.emulator.firestore.webchannel.JsonToProtoConverter toListenRequest\nWARNING: invalid message: {\"database\":\"projects/reservas-7c286/databases/(default)\",\"addTarget\":{\"query\":{\"structuredQuery\":{\"from\":[{\"collectionId\":\"bloqueos\"}],\"orderBy\":[{\"field\":{\"fieldPath\":\"__name__\"},\"direction\":\"ASCENDING\"}]},\"parent\":\"projects/reservas-7c286/databases/(default)/documents\"},\"targetId\":2,\"resumeToken\":\"CgkIreL8yr/2jgM=\",\"expectedCount\":0}}\n"}}
[debug] [2025-08-06T15:27:17.915Z] Aug 06, 2025 12:27:17 P.M. com.google.net.webchannel.server.common.ChannelProcessor run
WARNING: Failed to consume the event.
java.lang.RuntimeException: com.google.protobuf.InvalidProtocolBufferException: Cannot find field: expectedCount in message google.firestore.v1.Target
	at com.google.cloud.datastore.emulator.firestore.webchannel.JsonToProtoConverter.toListenRequest(JsonToProtoConverter.java:22)
	at com.google.cloud.datastore.emulator.firestore.webchannel.FirestoreV1WebChannelAdapter$FirestoreListenHandler.onMessage(FirestoreV1WebChannelAdapter.java:174)
	at com.google.cloud.datastore.emulator.firestore.webchannel.FirestoreV1WebChannelAdapter$FirestoreListenHandler.onMessage(FirestoreV1WebChannelAdapter.java:144)
	at com.google.net.webchannel.server.v8.ChannelInternalImpl.onMessage(ChannelInternalImpl.java:525)
	at com.google.net.webchannel.server.v8.ForwardChannel.deliverMessage(ForwardChannel.java:114)
	at com.google.net.webchannel.server.v8.ForwardChannel.processPendingRequest(ForwardChannel.java:93)
	at com.google.net.webchannel.server.v8.ForwardChannel.consume(ForwardChannel.java:67)
	at com.google.net.webchannel.server.v8.ForwardChannel.add(ForwardChannel.java:60)
	at com.google.net.webchannel.server.v8.ChannelInternalImpl.handleRequestBody(ChannelInternalImpl.java:290)
	at com.google.net.webchannel.server.v8.ChannelInternalImpl.processSessionRequest(ChannelInternalImpl.java:357)
	at com.google.net.webchannel.server.v8.ChannelInternalImpl.handle(ChannelInternalImpl.java:172)
	at com.google.net.webchannel.server.v8.ChannelInternalImpl.consume(ChannelInternalImpl.java:91)
	at com.google.net.webchannel.server.common.ChannelProcessor.run(ChannelProcessor.java:86)
Caused by: com.google.protobuf.InvalidProtocolBufferException: Cannot find field: expectedCount in message google.firestore.v1.Target
	at com.google.cloud.datastore.emulator.firestore.webchannel.jsonformatfork.JsonFormat$ParserImpl.mergeMessage(JsonFormat.java:1501)
	at com.google.cloud.datastore.emulator.firestore.webchannel.jsonformatfork.JsonFormat$ParserImpl.merge(JsonFormat.java:1360)
	at com.google.cloud.datastore.emulator.firestore.webchannel.jsonformatfork.JsonFormat$ParserImpl.parseFieldValue(JsonFormat.java:1999)
	at com.google.cloud.datastore.emulator.firestore.webchannel.jsonformatfork.JsonFormat$ParserImpl.mergeOneofField(JsonFormat.java:1709)
	at com.google.cloud.datastore.emulator.firestore.webchannel.jsonformatfork.JsonFormat$ParserImpl.mergeField(JsonFormat.java:1668)
	at com.google.cloud.datastore.emulator.firestore.webchannel.jsonformatfork.JsonFormat$ParserImpl.mergeMessage(JsonFormat.java:1503)
	at com.google.cloud.datastore.emulator.firestore.webchannel.jsonformatfork.JsonFormat$ParserImpl.merge(JsonFormat.java:1360)
	at com.google.cloud.datastore.emulator.firestore.webchannel.jsonformatfork.JsonFormat$ParserImpl.merge(JsonFormat.java:1343)
	at com.google.cloud.datastore.emulator.firestore.webchannel.jsonformatfork.JsonFormat$Parser.merge(JsonFormat.java:452)
	at com.google.cloud.datastore.emulator.firestore.webchannel.JsonToProtoConverter.toListenRequest(JsonToProtoConverter.java:19)
	... 12 more

 {"metadata":{"emulator":{"name":"firestore"},"message":"Aug 06, 2025 12:27:17 P.M. com.google.net.webchannel.server.common.ChannelProcessor run\nWARNING: Failed to consume the event.\njava.lang.RuntimeException: com.google.protobuf.InvalidProtocolBufferException: Cannot find field: expectedCount in message google.firestore.v1.Target\n\tat com.google.cloud.datastore.emulator.firestore.webchannel.JsonToProtoConverter.toListenRequest(JsonToProtoConverter.java:22)\n\tat com.google.cloud.datastore.emulator.firestore.webchannel.FirestoreV1WebChannelAdapter$FirestoreListenHandler.onMessage(FirestoreV1WebChannelAdapter.java:174)\n\tat com.google.cloud.datastore.emulator.firestore.webchannel.FirestoreV1WebChannelAdapter$FirestoreListenHandler.onMessage(FirestoreV1WebChannelAdapter.java:144)\n\tat com.google.net.webchannel.server.v8.ChannelInternalImpl.onMessage(ChannelInternalImpl.java:525)\n\tat com.google.net.webchannel.server.v8.ForwardChannel.deliverMessage(ForwardChannel.java:114)\n\tat com.google.net.webchannel.server.v8.ForwardChannel.processPendingRequest(ForwardChannel.java:93)\n\tat com.google.net.webchannel.server.v8.ForwardChannel.consume(ForwardChannel.java:67)\n\tat com.google.net.webchannel.server.v8.ForwardChannel.add(ForwardChannel.java:60)\n\tat com.google.net.webchannel.server.v8.ChannelInternalImpl.handleRequestBody(ChannelInternalImpl.java:290)\n\tat com.google.net.webchannel.server.v8.ChannelInternalImpl.processSessionRequest(ChannelInternalImpl.java:357)\n\tat com.google.net.webchannel.server.v8.ChannelInternalImpl.handle(ChannelInternalImpl.java:172)\n\tat com.google.net.webchannel.server.v8.ChannelInternalImpl.consume(ChannelInternalImpl.java:91)\n\tat com.google.net.webchannel.server.common.ChannelProcessor.run(ChannelProcessor.java:86)\nCaused by: com.google.protobuf.InvalidProtocolBufferException: Cannot find field: expectedCount in message google.firestore.v1.Target\n\tat com.google.cloud.datastore.emulator.firestore.webchannel.jsonformatfork.JsonFormat$ParserImpl.mergeMessage(JsonFormat.java:1501)\n\tat com.google.cloud.datastore.emulator.firestore.webchannel.jsonformatfork.JsonFormat$ParserImpl.merge(JsonFormat.java:1360)\n\tat com.google.cloud.datastore.emulator.firestore.webchannel.jsonformatfork.JsonFormat$ParserImpl.parseFieldValue(JsonFormat.java:1999)\n\tat com.google.cloud.datastore.emulator.firestore.webchannel.jsonformatfork.JsonFormat$ParserImpl.mergeOneofField(JsonFormat.java:1709)\n\tat com.google.cloud.datastore.emulator.firestore.webchannel.jsonformatfork.JsonFormat$ParserImpl.mergeField(JsonFormat.java:1668)\n\tat com.google.cloud.datastore.emulator.firestore.webchannel.jsonformatfork.JsonFormat$ParserImpl.mergeMessage(JsonFormat.java:1503)\n\tat com.google.cloud.datastore.emulator.firestore.webchannel.jsonformatfork.JsonFormat$ParserImpl.merge(JsonFormat.java:1360)\n\tat com.google.cloud.datastore.emulator.firestore.webchannel.jsonformatfork.JsonFormat$ParserImpl.merge(JsonFormat.java:1343)\n\tat com.google.cloud.datastore.emulator.firestore.webchannel.jsonformatfork.JsonFormat$Parser.merge(JsonFormat.java:452)\n\tat com.google.cloud.datastore.emulator.firestore.webchannel.JsonToProtoConverter.toListenRequest(JsonToProtoConverter.java:19)\n\t... 12 more\n\n"}}
[debug] [2025-08-06T15:27:29.464Z] Aug 06, 2025 12:27:29 P.M. io.gapi.emulators.netty.HttpVersionRoutingHandler channelRead
INFO: Detected non-HTTP/2 connection.
 {"metadata":{"emulator":{"name":"firestore"},"message":"Aug 06, 2025 12:27:29 P.M. io.gapi.emulators.netty.HttpVersionRoutingHandler channelRead\nINFO: Detected non-HTTP/2 connection.\n"}}
[debug] [2025-08-06T15:27:29.481Z] Aug 06, 2025 12:27:29 P.M. io.gapi.emulators.netty.HttpVersionRoutingHandler channelRead
INFO: Detected non-HTTP/2 connection.
 {"metadata":{"emulator":{"name":"firestore"},"message":"Aug 06, 2025 12:27:29 P.M. io.gapi.emulators.netty.HttpVersionRoutingHandler channelRead\nINFO: Detected non-HTTP/2 connection.\n"}}
[debug] [2025-08-06T15:27:29.487Z] Aug 06, 2025 12:27:29 P.M. io.gapi.emulators.netty.HttpVersionRoutingHandler channelRead
INFO: Detected non-HTTP/2 connection.
 {"metadata":{"emulator":{"name":"firestore"},"message":"Aug 06, 2025 12:27:29 P.M. io.gapi.emulators.netty.HttpVersionRoutingHandler channelRead\nINFO: Detected non-HTTP/2 connection.\n"}}
[debug] [2025-08-06T15:27:32.699Z] Aug 06, 2025 12:27:32 P.M. io.gapi.emulators.netty.HttpVersionRoutingHandler channelRead
INFO: Detected non-HTTP/2 connection.
 {"metadata":{"emulator":{"name":"firestore"},"message":"Aug 06, 2025 12:27:32 P.M. io.gapi.emulators.netty.HttpVersionRoutingHandler channelRead\nINFO: Detected non-HTTP/2 connection.\n"}}
[debug] [2025-08-06T15:27:32.709Z] Aug 06, 2025 12:27:32 P.M. io.gapi.emulators.netty.HttpVersionRoutingHandler channelRead
INFO: Detected non-HTTP/2 connection.
 {"metadata":{"emulator":{"name":"firestore"},"message":"Aug 06, 2025 12:27:32 P.M. io.gapi.emulators.netty.HttpVersionRoutingHandler channelRead\nINFO: Detected non-HTTP/2 connection.\n"}}
[debug] [2025-08-06T15:27:33.921Z] Aug 06, 2025 12:27:33 P.M. io.gapi.emulators.netty.HttpVersionRoutingHandler channelRead
INFO: Detected non-HTTP/2 connection.
 {"metadata":{"emulator":{"name":"firestore"},"message":"Aug 06, 2025 12:27:33 P.M. io.gapi.emulators.netty.HttpVersionRoutingHandler channelRead\nINFO: Detected non-HTTP/2 connection.\n"}}
[debug] [2025-08-06T15:27:33.937Z] Aug 06, 2025 12:27:33 P.M. com.google.cloud.datastore.emulator.firestore.webchannel.JsonToProtoConverter toListenRequest
WARNING: invalid message: {"database":"projects/reservas-7c286/databases/(default)","addTarget":{"query":{"structuredQuery":{"from":[{"collectionId":"bloqueos"}],"orderBy":[{"field":{"fieldPath":"__name__"},"direction":"ASCENDING"}]},"parent":"projects/reservas-7c286/databases/(default)/documents"},"targetId":2,"resumeToken":"CgkIpcbR1L/2jgM=","expectedCount":0}}
 {"metadata":{"emulator":{"name":"firestore"},"message":"Aug 06, 2025 12:27:33 P.M. com.google.cloud.datastore.emulator.firestore.webchannel.JsonToProtoConverter toListenRequest\nWARNING: invalid message: {\"database\":\"projects/reservas-7c286/databases/(default)\",\"addTarget\":{\"query\":{\"structuredQuery\":{\"from\":[{\"collectionId\":\"bloqueos\"}],\"orderBy\":[{\"field\":{\"fieldPath\":\"__name__\"},\"direction\":\"ASCENDING\"}]},\"parent\":\"projects/reservas-7c286/databases/(default)/documents\"},\"targetId\":2,\"resumeToken\":\"CgkIpcbR1L/2jgM=\",\"expectedCount\":0}}\n"}}
[debug] [2025-08-06T15:27:33.940Z] Aug 06, 2025 12:27:33 P.M. com.google.net.webchannel.server.common.ChannelProcessor run
WARNING: Failed to consume the event.
java.lang.RuntimeException: com.google.protobuf.InvalidProtocolBufferException: Cannot find field: expectedCount in message google.firestore.v1.Target
	at com.google.cloud.datastore.emulator.firestore.webchannel.JsonToProtoConverter.toListenRequest(JsonToProtoConverter.java:22)
	at com.google.cloud.datastore.emulator.firestore.webchannel.FirestoreV1WebChannelAdapter$FirestoreListenHandler.onMessage(FirestoreV1WebChannelAdapter.java:174)
	at com.google.cloud.datastore.emulator.firestore.webchannel.FirestoreV1WebChannelAdapter$FirestoreListenHandler.onMessage(FirestoreV1WebChannelAdapter.java:144)
	at com.google.net.webchannel.server.v8.ChannelInternalImpl.onMessage(ChannelInternalImpl.java:525)
	at com.google.net.webchannel.server.v8.ForwardChannel.deliverMessage(ForwardChannel.java:114)
	at com.google.net.webchannel.server.v8.ForwardChannel.processPendingRequest(ForwardChannel.java:93)
	at com.google.net.webchannel.server.v8.ForwardChannel.consume(ForwardChannel.java:67)
	at com.google.net.webchannel.server.v8.ForwardChannel.add(ForwardChannel.java:60)
	at com.google.net.webchannel.server.v8.ChannelInternalImpl.handleRequestBody(ChannelInternalImpl.java:290)
	at com.google.net.webchannel.server.v8.ChannelInternalImpl.processSessionRequest(ChannelInternalImpl.java:357)
	at com.google.net.webchannel.server.v8.ChannelInternalImpl.handle(ChannelInternalImpl.java:172)
	at com.google.net.webchannel.server.v8.ChannelInternalImpl.consume(ChannelInternalImpl.java:91)
	at com.google.net.webchannel.server.common.ChannelProcessor.run(ChannelProcessor.java:86)
Caused by: com.google.protobuf.InvalidProtocolBufferException: Cannot find field: expectedCount in message google.firestore.v1.Target
	at com.google.cloud.datastore.emulator.firestore.webchannel.jsonformatfork.JsonFormat$ParserImpl.mergeMessage(JsonFormat.java:1501)
	at com.google.cloud.datastore.emulator.firestore.webchannel.jsonformatfork.JsonFormat$ParserImpl.merge(JsonFormat.java:1360)
	at com.google.cloud.datastore.emulator.firestore.webchannel.jsonformatfork.JsonFormat$ParserImpl.parseFieldValue(JsonFormat.java:1999)
	at com.google.cloud.datastore.emulator.firestore.webchannel.jsonformatfork.JsonFormat$ParserImpl.mergeOneofField(JsonFormat.java:1709)
	at com.google.cloud.datastore.emulator.firestore.webchannel.jsonformatfork.JsonFormat$ParserImpl.mergeField(JsonFormat.java:1668)
	at com.google.cloud.datastore.emulator.firestore.webchannel.jsonformatfork.JsonFormat$ParserImpl.mergeMessage(JsonFormat.java:1503)
	at com.google.cloud.datastore.emulator.firestore.webchannel.jsonformatfork.JsonFormat$ParserImpl.merge(JsonFormat.java:1360)
	at com.google.cloud.datastore.emulator.firestore.webchannel.jsonformatfork.JsonFormat$ParserImpl.merge(JsonFormat.java:1343)
	at com.google.cloud.datastore.emulator.firestore.webchannel.jsonformatfork.JsonFormat$Parser.merge(JsonFormat.java:452)
	at com.google.cloud.datastore.emulator.firestore.webchannel.JsonToProtoConverter.toListenRequest(JsonToProtoConverter.java:19)
	... 12 more

 {"metadata":{"emulator":{"name":"firestore"},"message":"Aug 06, 2025 12:27:33 P.M. com.google.net.webchannel.server.common.ChannelProcessor run\nWARNING: Failed to consume the event.\njava.lang.RuntimeException: com.google.protobuf.InvalidProtocolBufferException: Cannot find field: expectedCount in message google.firestore.v1.Target\n\tat com.google.cloud.datastore.emulator.firestore.webchannel.JsonToProtoConverter.toListenRequest(JsonToProtoConverter.java:22)\n\tat com.google.cloud.datastore.emulator.firestore.webchannel.FirestoreV1WebChannelAdapter$FirestoreListenHandler.onMessage(FirestoreV1WebChannelAdapter.java:174)\n\tat com.google.cloud.datastore.emulator.firestore.webchannel.FirestoreV1WebChannelAdapter$FirestoreListenHandler.onMessage(FirestoreV1WebChannelAdapter.java:144)\n\tat com.google.net.webchannel.server.v8.ChannelInternalImpl.onMessage(ChannelInternalImpl.java:525)\n\tat com.google.net.webchannel.server.v8.ForwardChannel.deliverMessage(ForwardChannel.java:114)\n\tat com.google.net.webchannel.server.v8.ForwardChannel.processPendingRequest(ForwardChannel.java:93)\n\tat com.google.net.webchannel.server.v8.ForwardChannel.consume(ForwardChannel.java:67)\n\tat com.google.net.webchannel.server.v8.ForwardChannel.add(ForwardChannel.java:60)\n\tat com.google.net.webchannel.server.v8.ChannelInternalImpl.handleRequestBody(ChannelInternalImpl.java:290)\n\tat com.google.net.webchannel.server.v8.ChannelInternalImpl.processSessionRequest(ChannelInternalImpl.java:357)\n\tat com.google.net.webchannel.server.v8.ChannelInternalImpl.handle(ChannelInternalImpl.java:172)\n\tat com.google.net.webchannel.server.v8.ChannelInternalImpl.consume(ChannelInternalImpl.java:91)\n\tat com.google.net.webchannel.server.common.ChannelProcessor.run(ChannelProcessor.java:86)\nCaused by: com.google.protobuf.InvalidProtocolBufferException: Cannot find field: expectedCount in message google.firestore.v1.Target\n\tat com.google.cloud.datastore.emulator.firestore.webchannel.jsonformatfork.JsonFormat$ParserImpl.mergeMessage(JsonFormat.java:1501)\n\tat com.google.cloud.datastore.emulator.firestore.webchannel.jsonformatfork.JsonFormat$ParserImpl.merge(JsonFormat.java:1360)\n\tat com.google.cloud.datastore.emulator.firestore.webchannel.jsonformatfork.JsonFormat$ParserImpl.parseFieldValue(JsonFormat.java:1999)\n\tat com.google.cloud.datastore.emulator.firestore.webchannel.jsonformatfork.JsonFormat$ParserImpl.mergeOneofField(JsonFormat.java:1709)\n\tat com.google.cloud.datastore.emulator.firestore.webchannel.jsonformatfork.JsonFormat$ParserImpl.mergeField(JsonFormat.java:1668)\n\tat com.google.cloud.datastore.emulator.firestore.webchannel.jsonformatfork.JsonFormat$ParserImpl.mergeMessage(JsonFormat.java:1503)\n\tat com.google.cloud.datastore.emulator.firestore.webchannel.jsonformatfork.JsonFormat$ParserImpl.merge(JsonFormat.java:1360)\n\tat com.google.cloud.datastore.emulator.firestore.webchannel.jsonformatfork.JsonFormat$ParserImpl.merge(JsonFormat.java:1343)\n\tat com.google.cloud.datastore.emulator.firestore.webchannel.jsonformatfork.JsonFormat$Parser.merge(JsonFormat.java:452)\n\tat com.google.cloud.datastore.emulator.firestore.webchannel.JsonToProtoConverter.toListenRequest(JsonToProtoConverter.java:19)\n\t... 12 more\n\n"}}
[debug] [2025-08-06T15:27:35.393Z] Aug 06, 2025 12:27:35 P.M. io.gapi.emulators.netty.HttpVersionRoutingHandler channelRead
INFO: Detected non-HTTP/2 connection.
 {"metadata":{"emulator":{"name":"firestore"},"message":"Aug 06, 2025 12:27:35 P.M. io.gapi.emulators.netty.HttpVersionRoutingHandler channelRead\nINFO: Detected non-HTTP/2 connection.\n"}}
[debug] [2025-08-06T15:27:44.940Z] Aug 06, 2025 12:27:44 P.M. io.gapi.emulators.netty.HttpVersionRoutingHandler channelRead
INFO: Detected non-HTTP/2 connection.
 {"metadata":{"emulator":{"name":"firestore"},"message":"Aug 06, 2025 12:27:44 P.M. io.gapi.emulators.netty.HttpVersionRoutingHandler channelRead\nINFO: Detected non-HTTP/2 connection.\n"}}
[debug] [2025-08-06T15:27:44.971Z] Aug 06, 2025 12:27:44 P.M. io.gapi.emulators.netty.HttpVersionRoutingHandler channelRead
INFO: Detected non-HTTP/2 connection.
 {"metadata":{"emulator":{"name":"firestore"},"message":"Aug 06, 2025 12:27:44 P.M. io.gapi.emulators.netty.HttpVersionRoutingHandler channelRead\nINFO: Detected non-HTTP/2 connection.\n"}}
[debug] [2025-08-06T15:27:44.982Z] Aug 06, 2025 12:27:44 P.M. io.gapi.emulators.netty.HttpVersionRoutingHandler channelRead
INFO: Detected non-HTTP/2 connection.
 {"metadata":{"emulator":{"name":"firestore"},"message":"Aug 06, 2025 12:27:44 P.M. io.gapi.emulators.netty.HttpVersionRoutingHandler channelRead\nINFO: Detected non-HTTP/2 connection.\n"}}
[debug] [2025-08-06T15:27:48.084Z] Aug 06, 2025 12:27:48 P.M. io.gapi.emulators.netty.HttpVersionRoutingHandler channelRead
INFO: Detected non-HTTP/2 connection.
 {"metadata":{"emulator":{"name":"firestore"},"message":"Aug 06, 2025 12:27:48 P.M. io.gapi.emulators.netty.HttpVersionRoutingHandler channelRead\nINFO: Detected non-HTTP/2 connection.\n"}}
[debug] [2025-08-06T15:27:48.088Z] Aug 06, 2025 12:27:48 P.M. com.google.cloud.datastore.emulator.firestore.webchannel.JsonToProtoConverter toListenRequest
WARNING: invalid message: {"database":"projects/reservas-7c286/databases/(default)","addTarget":{"query":{"structuredQuery":{"from":[{"collectionId":"bloqueos"}],"orderBy":[{"field":{"fieldPath":"__name__"},"direction":"ASCENDING"}]},"parent":"projects/reservas-7c286/databases/(default)/documents"},"targetId":2,"resumeToken":"CgkIxKCC3L/2jgM=","expectedCount":0}}
 {"metadata":{"emulator":{"name":"firestore"},"message":"Aug 06, 2025 12:27:48 P.M. com.google.cloud.datastore.emulator.firestore.webchannel.JsonToProtoConverter toListenRequest\nWARNING: invalid message: {\"database\":\"projects/reservas-7c286/databases/(default)\",\"addTarget\":{\"query\":{\"structuredQuery\":{\"from\":[{\"collectionId\":\"bloqueos\"}],\"orderBy\":[{\"field\":{\"fieldPath\":\"__name__\"},\"direction\":\"ASCENDING\"}]},\"parent\":\"projects/reservas-7c286/databases/(default)/documents\"},\"targetId\":2,\"resumeToken\":\"CgkIxKCC3L/2jgM=\",\"expectedCount\":0}}\n"}}
[debug] [2025-08-06T15:27:48.089Z] Aug 06, 2025 12:27:48 P.M. com.google.net.webchannel.server.common.ChannelProcessor run
WARNING: Failed to consume the event.
java.lang.RuntimeException: com.google.protobuf.InvalidProtocolBufferException: Cannot find field: expectedCount in message google.firestore.v1.Target
	at com.google.cloud.datastore.emulator.firestore.webchannel.JsonToProtoConverter.toListenRequest(JsonToProtoConverter.java:22)
	at com.google.cloud.datastore.emulator.firestore.webchannel.FirestoreV1WebChannelAdapter$FirestoreListenHandler.onMessage(FirestoreV1WebChannelAdapter.java:174)
	at com.google.cloud.datastore.emulator.firestore.webchannel.FirestoreV1WebChannelAdapter$FirestoreListenHandler.onMessage(FirestoreV1WebChannelAdapter.java:144)
	at com.google.net.webchannel.server.v8.ChannelInternalImpl.onMessage(ChannelInternalImpl.java:525)
	at com.google.net.webchannel.server.v8.ForwardChannel.deliverMessage(ForwardChannel.java:114)
	at com.google.net.webchannel.server.v8.ForwardChannel.processPendingRequest(ForwardChannel.java:93)
	at com.google.net.webchannel.server.v8.ForwardChannel.consume(ForwardChannel.java:67)
	at com.google.net.webchannel.server.v8.ForwardChannel.add(ForwardChannel.java:60)
	at com.google.net.webchannel.server.v8.ChannelInternalImpl.handleRequestBody(ChannelInternalImpl.java:290)
	at com.google.net.webchannel.server.v8.ChannelInternalImpl.processSessionRequest(ChannelInternalImpl.java:357)
	at com.google.net.webchannel.server.v8.ChannelInternalImpl.handle(ChannelInternalImpl.java:172)
	at com.google.net.webchannel.server.v8.ChannelInternalImpl.consume(ChannelInternalImpl.java:91)
	at com.google.net.webchannel.server.common.ChannelProcessor.run(ChannelProcessor.java:86)
Caused by: com.google.protobuf.InvalidProtocolBufferException: Cannot find field: expectedCount in message google.firestore.v1.Target
	at com.google.cloud.datastore.emulator.firestore.webchannel.jsonformatfork.JsonFormat$ParserImpl.mergeMessage(JsonFormat.java:1501)
	at com.google.cloud.datastore.emulator.firestore.webchannel.jsonformatfork.JsonFormat$ParserImpl.merge(JsonFormat.java:1360)
	at com.google.cloud.datastore.emulator.firestore.webchannel.jsonformatfork.JsonFormat$ParserImpl.parseFieldValue(JsonFormat.java:1999)
	at com.google.cloud.datastore.emulator.firestore.webchannel.jsonformatfork.JsonFormat$ParserImpl.mergeOneofField(JsonFormat.java:1709)
	at com.google.cloud.datastore.emulator.firestore.webchannel.jsonformatfork.JsonFormat$ParserImpl.mergeField(JsonFormat.java:1668)
	at com.google.cloud.datastore.emulator.firestore.webchannel.jsonformatfork.JsonFormat$ParserImpl.mergeMessage(JsonFormat.java:1503)
	at com.google.cloud.datastore.emulator.firestore.webchannel.jsonformatfork.JsonFormat$ParserImpl.merge(JsonFormat.java:1360)
	at com.google.cloud.datastore.emulator.firestore.webchannel.jsonformatfork.JsonFormat$ParserImpl.merge(JsonFormat.java:1343)
	at com.google.cloud.datastore.emulator.firestore.webchannel.jsonformatfork.JsonFormat$Parser.merge(JsonFormat.java:452)
	at com.google.cloud.datastore.emulator.firestore.webchannel.JsonToProtoConverter.toListenRequest(JsonToProtoConverter.java:19)
	... 12 more

 {"metadata":{"emulator":{"name":"firestore"},"message":"Aug 06, 2025 12:27:48 P.M. com.google.net.webchannel.server.common.ChannelProcessor run\nWARNING: Failed to consume the event.\njava.lang.RuntimeException: com.google.protobuf.InvalidProtocolBufferException: Cannot find field: expectedCount in message google.firestore.v1.Target\n\tat com.google.cloud.datastore.emulator.firestore.webchannel.JsonToProtoConverter.toListenRequest(JsonToProtoConverter.java:22)\n\tat com.google.cloud.datastore.emulator.firestore.webchannel.FirestoreV1WebChannelAdapter$FirestoreListenHandler.onMessage(FirestoreV1WebChannelAdapter.java:174)\n\tat com.google.cloud.datastore.emulator.firestore.webchannel.FirestoreV1WebChannelAdapter$FirestoreListenHandler.onMessage(FirestoreV1WebChannelAdapter.java:144)\n\tat com.google.net.webchannel.server.v8.ChannelInternalImpl.onMessage(ChannelInternalImpl.java:525)\n\tat com.google.net.webchannel.server.v8.ForwardChannel.deliverMessage(ForwardChannel.java:114)\n\tat com.google.net.webchannel.server.v8.ForwardChannel.processPendingRequest(ForwardChannel.java:93)\n\tat com.google.net.webchannel.server.v8.ForwardChannel.consume(ForwardChannel.java:67)\n\tat com.google.net.webchannel.server.v8.ForwardChannel.add(ForwardChannel.java:60)\n\tat com.google.net.webchannel.server.v8.ChannelInternalImpl.handleRequestBody(ChannelInternalImpl.java:290)\n\tat com.google.net.webchannel.server.v8.ChannelInternalImpl.processSessionRequest(ChannelInternalImpl.java:357)\n\tat com.google.net.webchannel.server.v8.ChannelInternalImpl.handle(ChannelInternalImpl.java:172)\n\tat com.google.net.webchannel.server.v8.ChannelInternalImpl.consume(ChannelInternalImpl.java:91)\n\tat com.google.net.webchannel.server.common.ChannelProcessor.run(ChannelProcessor.java:86)\nCaused by: com.google.protobuf.InvalidProtocolBufferException: Cannot find field: expectedCount in message google.firestore.v1.Target\n\tat com.google.cloud.datastore.emulator.firestore.webchannel.jsonformatfork.JsonFormat$ParserImpl.mergeMessage(JsonFormat.java:1501)\n\tat com.google.cloud.datastore.emulator.firestore.webchannel.jsonformatfork.JsonFormat$ParserImpl.merge(JsonFormat.java:1360)\n\tat com.google.cloud.datastore.emulator.firestore.webchannel.jsonformatfork.JsonFormat$ParserImpl.parseFieldValue(JsonFormat.java:1999)\n\tat com.google.cloud.datastore.emulator.firestore.webchannel.jsonformatfork.JsonFormat$ParserImpl.mergeOneofField(JsonFormat.java:1709)\n\tat com.google.cloud.datastore.emulator.firestore.webchannel.jsonformatfork.JsonFormat$ParserImpl.mergeField(JsonFormat.java:1668)\n\tat com.google.cloud.datastore.emulator.firestore.webchannel.jsonformatfork.JsonFormat$ParserImpl.mergeMessage(JsonFormat.java:1503)\n\tat com.google.cloud.datastore.emulator.firestore.webchannel.jsonformatfork.JsonFormat$ParserImpl.merge(JsonFormat.java:1360)\n\tat com.google.cloud.datastore.emulator.firestore.webchannel.jsonformatfork.JsonFormat$ParserImpl.merge(JsonFormat.java:1343)\n\tat com.google.cloud.datastore.emulator.firestore.webchannel.jsonformatfork.JsonFormat$Parser.merge(JsonFormat.java:452)\n\tat com.google.cloud.datastore.emulator.firestore.webchannel.JsonToProtoConverter.toListenRequest(JsonToProtoConverter.java:19)\n\t... 12 more\n\n"}}
